W0626 17:35:17.075000 1301574 site-packages/torch/distributed/run.py:766] 
W0626 17:35:17.075000 1301574 site-packages/torch/distributed/run.py:766] *****************************************
W0626 17:35:17.075000 1301574 site-packages/torch/distributed/run.py:766] Setting OMP_NUM_THREADS environment variable for each process to be 1 in default, to avoid your system being overloaded, please further tune the variable for optimal performance in your application as needed. 
W0626 17:35:17.075000 1301574 site-packages/torch/distributed/run.py:766] *****************************************
[rank0]:[W626 17:35:21.718251464 ProcessGroupNCCL.cpp:4715] [PG ID 0 PG GUID 0 Rank 0]  using GPU 0 as device used by this process is currently unknown. This can potentially cause a hang if this rank to GPU mapping is incorrect. You can pecify device_id in init_process_group() to force use of a particular device.
[rank1]:[W626 17:35:21.759454847 ProcessGroupNCCL.cpp:4715] [PG ID 0 PG GUID 0 Rank 1]  using GPU 1 as device used by this process is currently unknown. This can potentially cause a hang if this rank to GPU mapping is incorrect. You can pecify device_id in init_process_group() to force use of a particular device.
Loading weights:   0%|          | 0/808 [00:00<?, ?it/s]Loading weights:   0%|          | 0/808 [00:00<?, ?it/s]Loading weights:  87%|████████▋ | 702/808 [00:00<00:00, 7018.82it/s]Loading weights:  77%|███████▋  | 623/808 [00:00<00:00, 6227.02it/s]Loading weights: 100%|██████████| 808/808 [00:00<00:00, 7015.56it/s]
Loading weights: 100%|██████████| 808/808 [00:00<00:00, 6412.91it/s]
[transformers] [1mFillerHubertSAModel LOAD REPORT[0m from: /speech/tomson/filler_asr/models/hubert-xlarge-ls960-ft
Key                                              | Status   |                                                                                           
-------------------------------------------------+----------+-------------------------------------------------------------------------------------------
sa.layers.{0, 1, 2, 3}.norm1.bias                | MISSING  |                                                                                           
sa.layers.{0, 1, 2, 3}.linear2.weight            | MISSING  |                                                                                           
sa.layers.{0, 1, 2, 3}.self_attn.in_proj_weight  | MISSING  |                                                                                           
sa.layers.{0, 1, 2, 3}.linear2.bias              | MISSING  |                                                                                           
sa.layers.{0, 1, 2, 3}.linear1.weight            | MISSING  |                                                                                           
sa.layers.{0, 1, 2, 3}.norm2.weight              | MISSING  |                                                                                           
sa.layers.{0, 1, 2, 3}.norm2.bias                | MISSING  |                                                                                           
sa.layers.{0, 1, 2, 3}.self_attn.out_proj.weight | MISSING  |                                                                                           
sa.layers.{0, 1, 2, 3}.linear1.bias              | MISSING  |                                                                                           
sa.layers.{0, 1, 2, 3}.self_attn.out_proj.bias   | MISSING  |                                                                                           
sa.layers.{0, 1, 2, 3}.self_attn.in_proj_bias    | MISSING  |                                                                                           
sa.layers.{0, 1, 2, 3}.norm1.weight              | MISSING  |                                                                                           
lm_head.bias                                     | MISMATCH | Reinit due to size mismatch - ckpt: torch.Size([32]) vs model:torch.Size([33])            
lm_head.weight                                   | MISMATCH | Reinit due to size mismatch - ckpt: torch.Size([32, 1280]) vs model:torch.Size([33, 1280])

Notes:
- MISSING:	those params were newly initialized because missing from the checkpoint. Consider training on your downstream task.
- MISMATCH:	ckpt weights were loaded, but they did not match the original empty weight shapes.
[transformers] [1mFillerHubertSAModel LOAD REPORT[0m from: /speech/tomson/filler_asr/models/hubert-xlarge-ls960-ft
Key                                              | Status   |                                                                                           
-------------------------------------------------+----------+-------------------------------------------------------------------------------------------
sa.layers.{0, 1, 2, 3}.norm1.bias                | MISSING  |                                                                                           
sa.layers.{0, 1, 2, 3}.self_attn.in_proj_weight  | MISSING  |                                                                                           
sa.layers.{0, 1, 2, 3}.norm1.weight              | MISSING  |                                                                                           
sa.layers.{0, 1, 2, 3}.linear2.weight            | MISSING  |                                                                                           
sa.layers.{0, 1, 2, 3}.self_attn.out_proj.bias   | MISSING  |                                                                                           
sa.layers.{0, 1, 2, 3}.norm2.weight              | MISSING  |                                                                                           
sa.layers.{0, 1, 2, 3}.linear2.bias              | MISSING  |                                                                                           
sa.layers.{0, 1, 2, 3}.self_attn.in_proj_bias    | MISSING  |                                                                                           
sa.layers.{0, 1, 2, 3}.norm2.bias                | MISSING  |                                                                                           
sa.layers.{0, 1, 2, 3}.linear1.bias              | MISSING  |                                                                                           
sa.layers.{0, 1, 2, 3}.self_attn.out_proj.weight | MISSING  |                                                                                           
sa.layers.{0, 1, 2, 3}.linear1.weight            | MISSING  |                                                                                           
lm_head.weight                                   | MISMATCH | Reinit due to size mismatch - ckpt: torch.Size([32, 1280]) vs model:torch.Size([33, 1280])
lm_head.bias                                     | MISMATCH | Reinit due to size mismatch - ckpt: torch.Size([32]) vs model:torch.Size([33])            

Notes:
- MISSING:	those params were newly initialized because missing from the checkpoint. Consider training on your downstream task.
- MISMATCH:	ckpt weights were loaded, but they did not match the original empty weight shapes.
wandb: [wandb.login()] Loaded credentials for https://api.wandb.ai from /speech/tomson/.netrc.
wandb: Currently logged in as: tomjrlaishram (tomjrlaishram-iit-madras) to https://api.wandb.ai. Use `wandb login --relogin` to force relogin
wandb: setting up run shykyjzw
wandb: Tracking run with wandb version 0.26.1
wandb: Run data is saved locally in /speech/tomson/filler_asr/train_sa_pe_lm_head/wandb/run-20260626_173527-shykyjzw
wandb: Run `wandb offline` to turn off syncing.
wandb: Syncing run full960_sa_pe_lmhead_PE_hubert-xlarge-ls960-ft
wandb: ⭐️ View project at https://wandb.ai/tomjrlaishram-iit-madras/filler_asr
wandb: 🚀 View run at https://wandb.ai/tomjrlaishram-iit-madras/filler_asr/runs/shykyjzw
wandb run: https://wandb.ai/tomjrlaishram-iit-madras/filler_asr/runs/shykyjzw
[setup] world=2 train=281241 dev=500 trainable=78.75M PE=True sa_layers=4 fps=25 sched=linear eff_batch=64 steps/epoch=4394 total_steps=43940
[log] config=/speech/tomson/filler_asr/train_sa_pe_lm_head/log_config.json disabled=none
[transformers] `use_return_dict` is deprecated! Use `return_dict` instead!
[eval @ 0] WER=1.031 CER=7.596 SER=1.000 loss=3.841 content_acc=0.031 fill_rate=0.002 entropy=3.257 distinct=30
   Full: l l l l l c c c c l l l l l l l l j j j h l l l g l g g g c c c c c c c l l l l c c l l l l l l l h h h c l c l e l l l l m c c c l l h l c 
   Hyp : lllllcccclllllllljjjhlllglgggcccccccllllcclllllllhhhclclellllmcccllhlcccclllllll
   Ref : mister quilter is the apostle of the middle classes and we are glad to welcome h
   ** new best WER=1.031 -> best.pt
[transformers] `use_return_dict` is deprecated! Use `return_dict` instead!
ep1 step50/43940 loss=1.9632 acc=0.479 lr=5.00e-06 gnorm=1.12 51 smp/s
ep1 step100/43940 loss=1.8326 acc=0.501 lr=1.00e-05 gnorm=2.76 51 smp/s
ep1 step150/43940 loss=1.8250 acc=0.499 lr=1.50e-05 gnorm=0.48 50 smp/s
ep1 step200/43940 loss=1.8409 acc=0.486 lr=2.00e-05 gnorm=5.46 50 smp/s
ep1 step250/43940 loss=1.6947 acc=0.527 lr=2.50e-05 gnorm=4.77 50 smp/s
ep1 step300/43940 loss=1.6528 acc=0.535 lr=3.00e-05 gnorm=2.58 50 smp/s
ep1 step350/43940 loss=1.6965 acc=0.513 lr=3.50e-05 gnorm=4.79 50 smp/s
ep1 step400/43940 loss=1.6522 acc=0.542 lr=4.00e-05 gnorm=3.08 50 smp/s
ep1 step450/43940 loss=1.5898 acc=0.554 lr=4.50e-05 gnorm=1.68 50 smp/s
ep1 step500/43940 loss=1.7626 acc=0.492 lr=5.00e-05 gnorm=1.90 50 smp/s
ep1 step550/43940 loss=1.7149 acc=0.522 lr=5.50e-05 gnorm=2.48 50 smp/s
ep1 step600/43940 loss=1.7317 acc=0.517 lr=6.00e-05 gnorm=3.92 50 smp/s
ep1 step650/43940 loss=1.7748 acc=0.510 lr=6.50e-05 gnorm=6.55 50 smp/s
ep1 step700/43940 loss=1.8636 acc=0.475 lr=7.00e-05 gnorm=0.55 50 smp/s
ep1 step750/43940 loss=1.7367 acc=0.505 lr=7.50e-05 gnorm=1.20 50 smp/s
ep1 step800/43940 loss=1.6623 acc=0.531 lr=8.00e-05 gnorm=4.43 50 smp/s
ep1 step850/43940 loss=1.7098 acc=0.521 lr=8.50e-05 gnorm=4.02 50 smp/s
ep1 step900/43940 loss=1.7763 acc=0.496 lr=9.00e-05 gnorm=1.01 50 smp/s
ep1 step950/43940 loss=1.7161 acc=0.514 lr=9.50e-05 gnorm=1.73 50 smp/s
ep1 step1000/43940 loss=1.6894 acc=0.520 lr=1.00e-04 gnorm=0.79 50 smp/s
ep1 step1050/43940 loss=1.6722 acc=0.525 lr=1.05e-04 gnorm=1.37 50 smp/s
ep1 step1100/43940 loss=1.7591 acc=0.503 lr=1.10e-04 gnorm=2.56 50 smp/s
ep1 step1150/43940 loss=1.5946 acc=0.524 lr=1.15e-04 gnorm=4.30 50 smp/s
ep1 step1200/43940 loss=1.5164 acc=0.537 lr=1.20e-04 gnorm=1.67 50 smp/s
ep1 step1250/43940 loss=1.4429 acc=0.540 lr=1.25e-04 gnorm=3.12 50 smp/s
ep1 step1300/43940 loss=1.3051 acc=0.580 lr=1.30e-04 gnorm=5.53 50 smp/s
ep1 step1350/43940 loss=1.3588 acc=0.556 lr=1.35e-04 gnorm=5.48 50 smp/s
ep1 step1400/43940 loss=1.4908 acc=0.514 lr=1.40e-04 gnorm=2.47 50 smp/s
ep1 step1450/43940 loss=1.4877 acc=0.513 lr=1.45e-04 gnorm=2.21 50 smp/s
ep1 step1500/43940 loss=1.4672 acc=0.526 lr=1.50e-04 gnorm=4.83 50 smp/s
ep1 step1550/43940 loss=1.7348 acc=0.496 lr=1.55e-04 gnorm=9.30 50 smp/s
ep1 step1600/43940 loss=1.4433 acc=0.530 lr=1.60e-04 gnorm=3.84 50 smp/s
ep1 step1650/43940 loss=1.3383 acc=0.553 lr=1.65e-04 gnorm=5.13 50 smp/s
ep1 step1700/43940 loss=1.4555 acc=0.537 lr=1.70e-04 gnorm=7.26 50 smp/s
ep1 step1750/43940 loss=1.2518 acc=0.586 lr=1.75e-04 gnorm=1.99 50 smp/s
ep1 step1800/43940 loss=1.2275 acc=0.575 lr=1.80e-04 gnorm=8.30 50 smp/s
ep1 step1850/43940 loss=1.3590 acc=0.553 lr=1.85e-04 gnorm=4.26 50 smp/s
ep1 step1900/43940 loss=1.4968 acc=0.513 lr=1.90e-04 gnorm=9.72 50 smp/s
ep1 step1950/43940 loss=1.3702 acc=0.523 lr=1.95e-04 gnorm=1.68 50 smp/s
ep1 step2000/43940 loss=1.3118 acc=0.549 lr=2.00e-04 gnorm=4.56 50 smp/s
[eval @ 2000] WER=0.966 CER=0.759 SER=1.000 loss=1.438 content_acc=0.212 fill_rate=0.458 entropy=1.205 distinct=29
   Full: <s> m i t t e | u i i t t e | | | | | | | p o o t t | | | | | | | | | | | | | | e e | l a a s s s s s s | | | | | e e e e e e e a a | | | | 
   Hyp : mitte uiitte       poott              ee laassssss     eeeeeeeaa                
   Ref : mister quilter is the apostle of the middle classes and we are glad to welcome h
   ** new best WER=0.966 -> best.pt
ep1 step2050/43940 loss=1.3050 acc=0.547 lr=2.00e-04 gnorm=2.63 49 smp/s
ep1 step2100/43940 loss=1.3143 acc=0.545 lr=2.00e-04 gnorm=3.52 49 smp/s
ep1 step2150/43940 loss=1.4315 acc=0.557 lr=1.99e-04 gnorm=1.99 49 smp/s
ep1 step2200/43940 loss=1.2959 acc=0.545 lr=1.99e-04 gnorm=2.84 50 smp/s
ep1 step2250/43940 loss=1.1827 acc=0.576 lr=1.99e-04 gnorm=2.13 50 smp/s
ep1 step2300/43940 loss=1.5087 acc=0.508 lr=1.99e-04 gnorm=7.97 50 smp/s
ep1 step2350/43940 loss=1.3446 acc=0.532 lr=1.98e-04 gnorm=5.29 50 smp/s
ep1 step2400/43940 loss=1.2031 acc=0.584 lr=1.98e-04 gnorm=4.94 50 smp/s
ep1 step2450/43940 loss=1.3607 acc=0.538 lr=1.98e-04 gnorm=5.93 50 smp/s
ep1 step2500/43940 loss=1.2466 acc=0.561 lr=1.98e-04 gnorm=7.41 50 smp/s
ep1 step2550/43940 loss=1.2824 acc=0.552 lr=1.97e-04 gnorm=5.02 50 smp/s
ep1 step2600/43940 loss=1.1731 acc=0.585 lr=1.97e-04 gnorm=10.16 50 smp/s
ep1 step2650/43940 loss=1.2874 acc=0.550 lr=1.97e-04 gnorm=7.99 50 smp/s
ep1 step2700/43940 loss=1.1633 acc=0.572 lr=1.97e-04 gnorm=1.00 50 smp/s
ep1 step2750/43940 loss=1.4035 acc=0.526 lr=1.96e-04 gnorm=6.86 50 smp/s
ep1 step2800/43940 loss=1.1789 acc=0.568 lr=1.96e-04 gnorm=1.16 50 smp/s
ep1 step2850/43940 loss=1.2625 acc=0.580 lr=1.96e-04 gnorm=5.96 50 smp/s
ep1 step2900/43940 loss=1.3311 acc=0.531 lr=1.96e-04 gnorm=6.56 50 smp/s
ep1 step2950/43940 loss=1.3683 acc=0.523 lr=1.95e-04 gnorm=5.03 50 smp/s
ep1 step3000/43940 loss=1.2110 acc=0.560 lr=1.95e-04 gnorm=4.32 50 smp/s
ep1 step3050/43940 loss=1.5624 acc=0.539 lr=1.95e-04 gnorm=8.32 50 smp/s
ep1 step3100/43940 loss=1.2342 acc=0.551 lr=1.95e-04 gnorm=5.56 50 smp/s
ep1 step3150/43940 loss=1.1678 acc=0.578 lr=1.95e-04 gnorm=5.02 50 smp/s
ep1 step3200/43940 loss=1.1994 acc=0.577 lr=1.94e-04 gnorm=4.85 50 smp/s
ep1 step3250/43940 loss=1.5160 acc=0.525 lr=1.94e-04 gnorm=11.96 50 smp/s
ep1 step3300/43940 loss=1.4221 acc=0.552 lr=1.94e-04 gnorm=12.64 50 smp/s
ep1 step3350/43940 loss=1.4152 acc=0.511 lr=1.94e-04 gnorm=8.21 50 smp/s
ep1 step3400/43940 loss=1.2552 acc=0.559 lr=1.93e-04 gnorm=7.59 50 smp/s
ep1 step3450/43940 loss=1.2547 acc=0.550 lr=1.93e-04 gnorm=2.97 50 smp/s
ep1 step3500/43940 loss=1.4353 acc=0.523 lr=1.93e-04 gnorm=9.87 50 smp/s
ep1 step3550/43940 loss=1.1814 acc=0.571 lr=1.93e-04 gnorm=4.64 50 smp/s
ep1 step3600/43940 loss=1.1749 acc=0.578 lr=1.92e-04 gnorm=7.53 50 smp/s
ep1 step3650/43940 loss=1.0828 acc=0.599 lr=1.92e-04 gnorm=1.22 50 smp/s
ep1 step3700/43940 loss=1.1867 acc=0.572 lr=1.92e-04 gnorm=3.73 50 smp/s
ep1 step3750/43940 loss=1.3807 acc=0.523 lr=1.92e-04 gnorm=9.40 50 smp/s
ep1 step3800/43940 loss=1.2180 acc=0.577 lr=1.91e-04 gnorm=8.47 50 smp/s
ep1 step3850/43940 loss=1.3031 acc=0.546 lr=1.91e-04 gnorm=6.55 50 smp/s
ep1 step3900/43940 loss=1.3526 acc=0.553 lr=1.91e-04 gnorm=5.26 50 smp/s
ep1 step3950/43940 loss=1.3521 acc=0.540 lr=1.91e-04 gnorm=9.56 50 smp/s
ep1 step4000/43940 loss=1.2901 acc=0.548 lr=1.90e-04 gnorm=5.04 50 smp/s
[eval @ 4000] WER=0.934 CER=0.653 SER=1.000 loss=1.149 content_acc=0.291 fill_rate=0.441 entropy=1.183 distinct=29
   Full: <s> m i s t e r | q u u l l t e r i | | | e e | p p o l l e | | f f | | e e | | | i d e e e c a s s s s | | | | | | | | | | | | | g | | | | 
   Hyp : mister quullteri   ee ppolle  ff  ee   ideeecassss             g         eeeeeee
   Ref : mister quilter is the apostle of the middle classes and we are glad to welcome h
   ** new best WER=0.934 -> best.pt
ep1 step4050/43940 loss=1.1000 acc=0.588 lr=1.90e-04 gnorm=4.54 50 smp/s
ep1 step4100/43940 loss=1.1810 acc=0.582 lr=1.90e-04 gnorm=2.71 50 smp/s
ep1 step4150/43940 loss=1.1950 acc=0.571 lr=1.90e-04 gnorm=3.13 50 smp/s
ep1 step4200/43940 loss=1.4227 acc=0.528 lr=1.90e-04 gnorm=11.37 50 smp/s
ep1 step4250/43940 loss=1.3249 acc=0.535 lr=1.89e-04 gnorm=5.66 50 smp/s
ep1 step4300/43940 loss=1.1058 acc=0.586 lr=1.89e-04 gnorm=7.63 50 smp/s
ep1 step4350/43940 loss=1.0938 acc=0.603 lr=1.89e-04 gnorm=6.59 50 smp/s
ep2 step4400/43940 loss=1.2798 acc=0.534 lr=1.89e-04 gnorm=4.40 50 smp/s
ep2 step4450/43940 loss=1.1930 acc=0.564 lr=1.88e-04 gnorm=3.67 50 smp/s
ep2 step4500/43940 loss=1.4095 acc=0.520 lr=1.88e-04 gnorm=11.82 50 smp/s
ep2 step4550/43940 loss=1.3379 acc=0.562 lr=1.88e-04 gnorm=9.59 50 smp/s
ep2 step4600/43940 loss=1.1885 acc=0.558 lr=1.88e-04 gnorm=6.99 50 smp/s
ep2 step4650/43940 loss=1.1854 acc=0.558 lr=1.87e-04 gnorm=9.90 50 smp/s
ep2 step4700/43940 loss=1.1227 acc=0.568 lr=1.87e-04 gnorm=4.39 50 smp/s
ep2 step4750/43940 loss=1.0434 acc=0.604 lr=1.87e-04 gnorm=3.60 50 smp/s
ep2 step4800/43940 loss=1.2665 acc=0.530 lr=1.87e-04 gnorm=2.07 50 smp/s
ep2 step4850/43940 loss=1.1233 acc=0.580 lr=1.86e-04 gnorm=1.13 50 smp/s
ep2 step4900/43940 loss=1.1523 acc=0.574 lr=1.86e-04 gnorm=4.00 50 smp/s
ep2 step4950/43940 loss=1.0759 acc=0.588 lr=1.86e-04 gnorm=1.93 50 smp/s
ep2 step5000/43940 loss=1.2062 acc=0.581 lr=1.86e-04 gnorm=8.69 50 smp/s
ep2 step5050/43940 loss=1.1244 acc=0.585 lr=1.85e-04 gnorm=6.03 50 smp/s
ep2 step5100/43940 loss=1.1202 acc=0.582 lr=1.85e-04 gnorm=1.81 50 smp/s
ep2 step5150/43940 loss=1.2166 acc=0.561 lr=1.85e-04 gnorm=4.15 50 smp/s
ep2 step5200/43940 loss=1.1902 acc=0.567 lr=1.85e-04 gnorm=7.59 50 smp/s
ep2 step5250/43940 loss=1.1692 acc=0.556 lr=1.85e-04 gnorm=3.89 50 smp/s
ep2 step5300/43940 loss=1.3586 acc=0.540 lr=1.84e-04 gnorm=3.67 50 smp/s
ep2 step5350/43940 loss=1.2371 acc=0.554 lr=1.84e-04 gnorm=4.79 50 smp/s
ep2 step5400/43940 loss=1.2270 acc=0.548 lr=1.84e-04 gnorm=6.44 50 smp/s
ep2 step5450/43940 loss=1.1069 acc=0.586 lr=1.84e-04 gnorm=6.04 50 smp/s
ep2 step5500/43940 loss=1.1686 acc=0.573 lr=1.83e-04 gnorm=5.33 50 smp/s
ep2 step5550/43940 loss=1.1701 acc=0.558 lr=1.83e-04 gnorm=6.56 50 smp/s
ep2 step5600/43940 loss=1.1596 acc=0.584 lr=1.83e-04 gnorm=5.95 50 smp/s
ep2 step5650/43940 loss=1.0403 acc=0.593 lr=1.83e-04 gnorm=3.56 50 smp/s
ep2 step5700/43940 loss=1.1447 acc=0.570 lr=1.82e-04 gnorm=4.14 50 smp/s
ep2 step5750/43940 loss=1.0478 acc=0.614 lr=1.82e-04 gnorm=7.37 50 smp/s
ep2 step5800/43940 loss=1.4847 acc=0.514 lr=1.82e-04 gnorm=13.93 50 smp/s
ep2 step5850/43940 loss=1.3122 acc=0.537 lr=1.82e-04 gnorm=3.18 50 smp/s
ep2 step5900/43940 loss=1.0392 acc=0.602 lr=1.81e-04 gnorm=3.04 50 smp/s
ep2 step5950/43940 loss=1.1992 acc=0.556 lr=1.81e-04 gnorm=4.19 50 smp/s
ep2 step6000/43940 loss=1.1333 acc=0.576 lr=1.81e-04 gnorm=7.61 50 smp/s
[eval @ 6000] WER=0.870 CER=0.557 SER=0.998 loss=1.149 content_acc=0.314 fill_rate=0.445 entropy=0.928 distinct=30
   Full: <s> m i s t e r | q u i l t e r | i s t h e | a p o s t l e | o f t t h e m m d d d e e | | a a s s s s n n n | | | | a r e e g l l d | | | 
   Hyp : mister quilter isthe apostle oftthemmdddee  aassssnnn    areeglld   wweecceehhss
   Ref : mister quilter is the apostle of the middle classes and we are glad to welcome h
   ** new best WER=0.870 -> best.pt
ep2 step6050/43940 loss=1.2175 acc=0.557 lr=1.81e-04 gnorm=6.38 50 smp/s
ep2 step6100/43940 loss=1.3628 acc=0.538 lr=1.80e-04 gnorm=8.87 50 smp/s
ep2 step6150/43940 loss=1.2260 acc=0.560 lr=1.80e-04 gnorm=12.53 50 smp/s
ep2 step6200/43940 loss=1.3164 acc=0.544 lr=1.80e-04 gnorm=3.29 50 smp/s
ep2 step6250/43940 loss=1.2602 acc=0.545 lr=1.80e-04 gnorm=2.47 50 smp/s
ep2 step6300/43940 loss=1.1829 acc=0.578 lr=1.79e-04 gnorm=6.06 50 smp/s
ep2 step6350/43940 loss=1.1019 acc=0.585 lr=1.79e-04 gnorm=7.23 50 smp/s
ep2 step6400/43940 loss=1.3298 acc=0.536 lr=1.79e-04 gnorm=8.94 50 smp/s
ep2 step6450/43940 loss=1.3501 acc=0.563 lr=1.79e-04 gnorm=12.66 50 smp/s
ep2 step6500/43940 loss=1.1293 acc=0.579 lr=1.79e-04 gnorm=4.51 50 smp/s
ep2 step6550/43940 loss=1.2562 acc=0.550 lr=1.78e-04 gnorm=8.91 50 smp/s
ep2 step6600/43940 loss=1.0131 acc=0.602 lr=1.78e-04 gnorm=5.11 50 smp/s
ep2 step6650/43940 loss=1.0975 acc=0.581 lr=1.78e-04 gnorm=2.52 50 smp/s
ep2 step6700/43940 loss=1.1483 acc=0.584 lr=1.78e-04 gnorm=9.74 50 smp/s
ep2 step6750/43940 loss=0.9078 acc=0.650 lr=1.77e-04 gnorm=1.23 50 smp/s
ep2 step6800/43940 loss=1.2531 acc=0.567 lr=1.77e-04 gnorm=1.15 50 smp/s
ep2 step6850/43940 loss=1.1085 acc=0.578 lr=1.77e-04 gnorm=6.07 50 smp/s
ep2 step6900/43940 loss=1.1366 acc=0.567 lr=1.77e-04 gnorm=4.61 50 smp/s
ep2 step6950/43940 loss=1.2559 acc=0.550 lr=1.76e-04 gnorm=11.45 50 smp/s
ep2 step7000/43940 loss=1.1296 acc=0.579 lr=1.76e-04 gnorm=6.19 50 smp/s
ep2 step7050/43940 loss=1.0490 acc=0.602 lr=1.76e-04 gnorm=7.10 50 smp/s
ep2 step7100/43940 loss=1.0962 acc=0.591 lr=1.76e-04 gnorm=0.89 50 smp/s
ep2 step7150/43940 loss=1.0741 acc=0.602 lr=1.75e-04 gnorm=8.38 50 smp/s
ep2 step7200/43940 loss=1.0893 acc=0.588 lr=1.75e-04 gnorm=5.16 50 smp/s
ep2 step7250/43940 loss=1.1409 acc=0.577 lr=1.75e-04 gnorm=1.08 50 smp/s
ep2 step7300/43940 loss=1.1424 acc=0.576 lr=1.75e-04 gnorm=4.23 50 smp/s
ep2 step7350/43940 loss=1.0424 acc=0.591 lr=1.74e-04 gnorm=3.26 50 smp/s
ep2 step7400/43940 loss=1.1657 acc=0.563 lr=1.74e-04 gnorm=4.46 50 smp/s
ep2 step7450/43940 loss=1.3783 acc=0.530 lr=1.74e-04 gnorm=10.33 50 smp/s
ep2 step7500/43940 loss=1.2098 acc=0.553 lr=1.74e-04 gnorm=6.90 50 smp/s
ep2 step7550/43940 loss=1.0175 acc=0.599 lr=1.74e-04 gnorm=2.48 50 smp/s
ep2 step7600/43940 loss=1.0051 acc=0.617 lr=1.73e-04 gnorm=3.14 50 smp/s
ep2 step7650/43940 loss=1.2362 acc=0.555 lr=1.73e-04 gnorm=7.29 50 smp/s
ep2 step7700/43940 loss=1.1628 acc=0.580 lr=1.73e-04 gnorm=7.02 50 smp/s
ep2 step7750/43940 loss=1.0140 acc=0.605 lr=1.73e-04 gnorm=0.88 50 smp/s
ep2 step7800/43940 loss=1.0375 acc=0.617 lr=1.72e-04 gnorm=6.60 50 smp/s
ep2 step7850/43940 loss=1.0868 acc=0.596 lr=1.72e-04 gnorm=6.97 50 smp/s
ep2 step7900/43940 loss=1.0901 acc=0.591 lr=1.72e-04 gnorm=6.99 50 smp/s
ep2 step7950/43940 loss=1.1207 acc=0.581 lr=1.72e-04 gnorm=6.08 50 smp/s
ep2 step8000/43940 loss=1.0958 acc=0.581 lr=1.71e-04 gnorm=1.39 50 smp/s
[eval @ 8000] WER=0.838 CER=0.494 SER=0.998 loss=1.122 content_acc=0.295 fill_rate=0.439 entropy=0.886 distinct=30
   Full: <s> m i s t e r | q i l t e r | i s | t h e | a p s t l e | o f | t h e | i i d d l e e | c a a s s s s | n n n | | | | e e e g g g a d | | 
   Hyp : mister qilter is the apstle of the iiddlee caassss nnn    eeegggad   weelloe hh 
   Ref : mister quilter is the apostle of the middle classes and we are glad to welcome h
   ** new best WER=0.838 -> best.pt
ep2 step8050/43940 loss=0.9801 acc=0.612 lr=1.71e-04 gnorm=4.20 50 smp/s
ep2 step8100/43940 loss=1.0729 acc=0.599 lr=1.71e-04 gnorm=6.85 50 smp/s
ep2 step8150/43940 loss=1.1519 acc=0.567 lr=1.71e-04 gnorm=10.17 50 smp/s
ep2 step8200/43940 loss=1.1287 acc=0.580 lr=1.70e-04 gnorm=6.19 50 smp/s
ep2 step8250/43940 loss=1.0673 acc=0.596 lr=1.70e-04 gnorm=2.75 50 smp/s
ep2 step8300/43940 loss=1.1484 acc=0.580 lr=1.70e-04 gnorm=4.31 50 smp/s
ep2 step8350/43940 loss=1.1234 acc=0.570 lr=1.70e-04 gnorm=10.50 50 smp/s
ep2 step8400/43940 loss=1.0641 acc=0.590 lr=1.69e-04 gnorm=2.64 50 smp/s
ep2 step8450/43940 loss=1.0489 acc=0.602 lr=1.69e-04 gnorm=2.21 50 smp/s
ep2 step8500/43940 loss=1.1338 acc=0.574 lr=1.69e-04 gnorm=2.05 50 smp/s
ep2 step8550/43940 loss=1.1848 acc=0.596 lr=1.69e-04 gnorm=11.52 50 smp/s
ep2 step8600/43940 loss=1.7305 acc=0.493 lr=1.69e-04 gnorm=21.03 50 smp/s
ep2 step8650/43940 loss=1.1157 acc=0.572 lr=1.68e-04 gnorm=4.29 50 smp/s
ep2 step8700/43940 loss=1.1219 acc=0.580 lr=1.68e-04 gnorm=3.58 50 smp/s
ep2 step8750/43940 loss=1.0274 acc=0.597 lr=1.68e-04 gnorm=1.12 50 smp/s
ep3 step8800/43940 loss=1.2228 acc=0.534 lr=1.68e-04 gnorm=7.38 50 smp/s
ep3 step8850/43940 loss=1.0970 acc=0.576 lr=1.67e-04 gnorm=8.99 50 smp/s
ep3 step8900/43940 loss=1.0736 acc=0.621 lr=1.67e-04 gnorm=6.77 50 smp/s
ep3 step8950/43940 loss=1.1233 acc=0.575 lr=1.67e-04 gnorm=2.72 50 smp/s
ep3 step9000/43940 loss=1.2650 acc=0.543 lr=1.67e-04 gnorm=13.86 50 smp/s
ep3 step9050/43940 loss=0.9823 acc=0.610 lr=1.66e-04 gnorm=1.27 50 smp/s
ep3 step9100/43940 loss=1.2231 acc=0.545 lr=1.66e-04 gnorm=5.28 50 smp/s
ep3 step9150/43940 loss=1.0999 acc=0.606 lr=1.66e-04 gnorm=8.50 50 smp/s
ep3 step9200/43940 loss=1.1122 acc=0.583 lr=1.66e-04 gnorm=6.51 50 smp/s
ep3 step9250/43940 loss=1.0305 acc=0.597 lr=1.65e-04 gnorm=1.24 50 smp/s
ep3 step9300/43940 loss=1.8136 acc=0.492 lr=1.65e-04 gnorm=14.85 50 smp/s
ep3 step9350/43940 loss=1.0511 acc=0.602 lr=1.65e-04 gnorm=2.90 50 smp/s
ep3 step9400/43940 loss=0.9870 acc=0.609 lr=1.65e-04 gnorm=2.05 50 smp/s
ep3 step9450/43940 loss=1.0414 acc=0.589 lr=1.64e-04 gnorm=1.59 50 smp/s
ep3 step9500/43940 loss=1.2010 acc=0.565 lr=1.64e-04 gnorm=8.41 50 smp/s
ep3 step9550/43940 loss=1.2024 acc=0.556 lr=1.64e-04 gnorm=1.60 50 smp/s
ep3 step9600/43940 loss=1.2048 acc=0.578 lr=1.64e-04 gnorm=16.13 50 smp/s
ep3 step9650/43940 loss=1.1270 acc=0.584 lr=1.64e-04 gnorm=10.09 50 smp/s
ep3 step9700/43940 loss=0.9968 acc=0.616 lr=1.63e-04 gnorm=5.59 50 smp/s
ep3 step9750/43940 loss=1.1128 acc=0.580 lr=1.63e-04 gnorm=8.51 50 smp/s
ep3 step9800/43940 loss=1.0154 acc=0.615 lr=1.63e-04 gnorm=0.98 50 smp/s
ep3 step9850/43940 loss=1.0197 acc=0.603 lr=1.63e-04 gnorm=2.53 50 smp/s
ep3 step9900/43940 loss=1.0004 acc=0.618 lr=1.62e-04 gnorm=5.78 50 smp/s
ep3 step9950/43940 loss=0.9802 acc=0.634 lr=1.62e-04 gnorm=8.08 50 smp/s
ep3 step10000/43940 loss=0.8937 acc=0.634 lr=1.62e-04 gnorm=1.06 50 smp/s
[eval @ 10000] WER=0.823 CER=0.511 SER=0.996 loss=0.910 content_acc=0.401 fill_rate=0.428 entropy=0.861 distinct=30
   Full: <s> m i s t e r | q u i l t e r | i s | t h e | p p o t l e e o f | | t h e | m i d d l e | c a a s s s s | a n d | | | | e r e g g l l d | 
   Hyp : mister quilter is the ppotleeof  the middle caassss and    eregglld    welccmm h
   Ref : mister quilter is the apostle of the middle classes and we are glad to welcome h
   ** new best WER=0.823 -> best.pt
ep3 step10050/43940 loss=1.0597 acc=0.587 lr=1.62e-04 gnorm=1.40 50 smp/s
ep3 step10100/43940 loss=1.1726 acc=0.580 lr=1.61e-04 gnorm=4.32 50 smp/s
ep3 step10150/43940 loss=1.1126 acc=0.579 lr=1.61e-04 gnorm=1.63 50 smp/s
ep3 step10200/43940 loss=1.1482 acc=0.559 lr=1.61e-04 gnorm=1.46 50 smp/s
ep3 step10250/43940 loss=1.0473 acc=0.590 lr=1.61e-04 gnorm=3.33 50 smp/s
ep3 step10300/43940 loss=1.1740 acc=0.559 lr=1.60e-04 gnorm=11.30 50 smp/s
ep3 step10350/43940 loss=1.1288 acc=0.584 lr=1.60e-04 gnorm=2.90 50 smp/s
ep3 step10400/43940 loss=1.0756 acc=0.603 lr=1.60e-04 gnorm=9.49 50 smp/s
ep3 step10450/43940 loss=1.0863 acc=0.580 lr=1.60e-04 gnorm=6.12 50 smp/s
ep3 step10500/43940 loss=1.0700 acc=0.593 lr=1.59e-04 gnorm=8.97 50 smp/s
ep3 step10550/43940 loss=1.0010 acc=0.608 lr=1.59e-04 gnorm=4.79 50 smp/s
ep3 step10600/43940 loss=1.0702 acc=0.585 lr=1.59e-04 gnorm=1.03 50 smp/s
ep3 step10650/43940 loss=1.0235 acc=0.606 lr=1.59e-04 gnorm=1.74 50 smp/s
ep3 step10700/43940 loss=1.3295 acc=0.536 lr=1.59e-04 gnorm=11.60 50 smp/s
ep3 step10750/43940 loss=1.2359 acc=0.562 lr=1.58e-04 gnorm=1.15 50 smp/s
ep3 step10800/43940 loss=1.0412 acc=0.599 lr=1.58e-04 gnorm=6.54 50 smp/s
ep3 step10850/43940 loss=1.0923 acc=0.594 lr=1.58e-04 gnorm=3.11 50 smp/s
ep3 step10900/43940 loss=1.0370 acc=0.610 lr=1.58e-04 gnorm=10.38 50 smp/s
ep3 step10950/43940 loss=1.0631 acc=0.599 lr=1.57e-04 gnorm=7.25 50 smp/s
ep3 step11000/43940 loss=1.0555 acc=0.606 lr=1.57e-04 gnorm=6.52 50 smp/s
ep3 step11050/43940 loss=1.0699 acc=0.598 lr=1.57e-04 gnorm=7.40 50 smp/s
ep3 step11100/43940 loss=1.0616 acc=0.589 lr=1.57e-04 gnorm=2.46 50 smp/s
ep3 step11150/43940 loss=1.0332 acc=0.600 lr=1.56e-04 gnorm=7.21 50 smp/s
ep3 step11200/43940 loss=1.0158 acc=0.614 lr=1.56e-04 gnorm=4.55 50 smp/s
ep3 step11250/43940 loss=1.0169 acc=0.604 lr=1.56e-04 gnorm=4.74 50 smp/s
ep3 step11300/43940 loss=1.0864 acc=0.591 lr=1.56e-04 gnorm=1.98 50 smp/s
ep3 step11350/43940 loss=1.0436 acc=0.610 lr=1.55e-04 gnorm=7.38 50 smp/s
ep3 step11400/43940 loss=1.0234 acc=0.624 lr=1.55e-04 gnorm=1.15 50 smp/s
ep3 step11450/43940 loss=1.1713 acc=0.578 lr=1.55e-04 gnorm=3.66 50 smp/s
ep3 step11500/43940 loss=0.9583 acc=0.627 lr=1.55e-04 gnorm=4.59 50 smp/s
ep3 step11550/43940 loss=1.1356 acc=0.592 lr=1.54e-04 gnorm=2.73 50 smp/s
ep3 step11600/43940 loss=1.0296 acc=0.603 lr=1.54e-04 gnorm=1.08 50 smp/s
ep3 step11650/43940 loss=0.9546 acc=0.626 lr=1.54e-04 gnorm=3.21 50 smp/s
ep3 step11700/43940 loss=1.0651 acc=0.592 lr=1.54e-04 gnorm=10.99 50 smp/s
ep3 step11750/43940 loss=1.1206 acc=0.573 lr=1.54e-04 gnorm=4.73 50 smp/s
ep3 step11800/43940 loss=1.1064 acc=0.567 lr=1.53e-04 gnorm=2.54 50 smp/s
ep3 step11850/43940 loss=0.9804 acc=0.623 lr=1.53e-04 gnorm=7.65 50 smp/s
ep3 step11900/43940 loss=1.1702 acc=0.580 lr=1.53e-04 gnorm=5.30 50 smp/s
ep3 step11950/43940 loss=1.0329 acc=0.599 lr=1.53e-04 gnorm=8.41 50 smp/s
ep3 step12000/43940 loss=1.3767 acc=0.564 lr=1.52e-04 gnorm=16.71 50 smp/s
[eval @ 12000] WER=0.819 CER=0.498 SER=0.996 loss=1.493 content_acc=0.249 fill_rate=0.447 entropy=0.824 distinct=30
   Full: <s> m i s t e r | q u i l t e r | i | t h e | a p s t l e | | f | t h e | m d d d l e e | c a s s s s | a n d | | | | | e e | g l a d | | | 
   Hyp : mister quilter i the apstle  f the mdddlee cassss and     ee glad    weecooe hh 
   Ref : mister quilter is the apostle of the middle classes and we are glad to welcome h
   ** new best WER=0.819 -> best.pt
ep3 step12050/43940 loss=0.9360 acc=0.627 lr=1.52e-04 gnorm=4.19 50 smp/s
ep3 step12100/43940 loss=1.0090 acc=0.596 lr=1.52e-04 gnorm=3.92 50 smp/s
ep3 step12150/43940 loss=1.1300 acc=0.585 lr=1.52e-04 gnorm=8.86 50 smp/s
ep3 step12200/43940 loss=1.0292 acc=0.604 lr=1.51e-04 gnorm=4.92 50 smp/s
ep3 step12250/43940 loss=1.2690 acc=0.550 lr=1.51e-04 gnorm=10.52 50 smp/s
ep3 step12300/43940 loss=1.0459 acc=0.589 lr=1.51e-04 gnorm=8.66 50 smp/s
ep3 step12350/43940 loss=1.3143 acc=0.563 lr=1.51e-04 gnorm=12.57 50 smp/s
ep3 step12400/43940 loss=1.0497 acc=0.585 lr=1.50e-04 gnorm=3.06 50 smp/s
ep3 step12450/43940 loss=1.2136 acc=0.566 lr=1.50e-04 gnorm=6.12 50 smp/s
ep3 step12500/43940 loss=1.2264 acc=0.579 lr=1.50e-04 gnorm=4.75 50 smp/s
ep3 step12550/43940 loss=1.1571 acc=0.583 lr=1.50e-04 gnorm=9.73 50 smp/s
ep3 step12600/43940 loss=0.9809 acc=0.629 lr=1.49e-04 gnorm=6.37 50 smp/s
ep3 step12650/43940 loss=1.1294 acc=0.583 lr=1.49e-04 gnorm=14.99 50 smp/s
ep3 step12700/43940 loss=1.2067 acc=0.574 lr=1.49e-04 gnorm=12.87 50 smp/s
ep3 step12750/43940 loss=1.1769 acc=0.554 lr=1.49e-04 gnorm=9.11 50 smp/s
ep3 step12800/43940 loss=1.0706 acc=0.603 lr=1.48e-04 gnorm=8.03 50 smp/s
ep3 step12850/43940 loss=0.9792 acc=0.624 lr=1.48e-04 gnorm=5.09 50 smp/s
ep3 step12900/43940 loss=1.3249 acc=0.560 lr=1.48e-04 gnorm=14.60 50 smp/s
ep3 step12950/43940 loss=1.0338 acc=0.599 lr=1.48e-04 gnorm=9.62 50 smp/s
ep3 step13000/43940 loss=1.2386 acc=0.546 lr=1.48e-04 gnorm=9.34 50 smp/s
ep3 step13050/43940 loss=1.1229 acc=0.586 lr=1.47e-04 gnorm=6.50 50 smp/s
ep3 step13100/43940 loss=1.0908 acc=0.595 lr=1.47e-04 gnorm=8.78 50 smp/s
ep3 step13150/43940 loss=1.0570 acc=0.597 lr=1.47e-04 gnorm=4.81 50 smp/s
ep4 step13200/43940 loss=1.1890 acc=0.564 lr=1.47e-04 gnorm=4.44 50 smp/s
ep4 step13250/43940 loss=1.1227 acc=0.587 lr=1.46e-04 gnorm=10.55 50 smp/s
ep4 step13300/43940 loss=1.0155 acc=0.603 lr=1.46e-04 gnorm=9.19 50 smp/s
ep4 step13350/43940 loss=1.1332 acc=0.606 lr=1.46e-04 gnorm=11.06 50 smp/s
ep4 step13400/43940 loss=1.0132 acc=0.616 lr=1.46e-04 gnorm=5.08 50 smp/s
ep4 step13450/43940 loss=1.0149 acc=0.604 lr=1.45e-04 gnorm=6.36 50 smp/s
ep4 step13500/43940 loss=1.0029 acc=0.625 lr=1.45e-04 gnorm=7.57 50 smp/s
ep4 step13550/43940 loss=1.5176 acc=0.550 lr=1.45e-04 gnorm=17.41 50 smp/s
ep4 step13600/43940 loss=1.0627 acc=0.597 lr=1.45e-04 gnorm=2.89 50 smp/s
ep4 step13650/43940 loss=1.0094 acc=0.615 lr=1.44e-04 gnorm=6.98 50 smp/s
ep4 step13700/43940 loss=1.0099 acc=0.608 lr=1.44e-04 gnorm=1.88 50 smp/s
ep4 step13750/43940 loss=1.0935 acc=0.593 lr=1.44e-04 gnorm=8.35 50 smp/s
ep4 step13800/43940 loss=1.0496 acc=0.590 lr=1.44e-04 gnorm=7.64 50 smp/s
ep4 step13850/43940 loss=1.0260 acc=0.604 lr=1.43e-04 gnorm=3.24 50 smp/s
ep4 step13900/43940 loss=1.0600 acc=0.587 lr=1.43e-04 gnorm=3.00 50 smp/s
ep4 step13950/43940 loss=1.0285 acc=0.595 lr=1.43e-04 gnorm=2.46 50 smp/s
ep4 step14000/43940 loss=0.9770 acc=0.623 lr=1.43e-04 gnorm=5.10 50 smp/s
[eval @ 14000] WER=0.799 CER=0.496 SER=0.990 loss=1.044 content_acc=0.350 fill_rate=0.436 entropy=0.821 distinct=30
   Full: <s> m i s t e r | q u i t t r r | s | t h e | a p o s t l e | o f | t h e | m d d d l e | c c a s s s s s a n d | | w e | r r | g l a d | | 
   Hyp : mister quittrr s the apostle of the mdddle ccasssssand  we rr glad    welloee hi
   Ref : mister quilter is the apostle of the middle classes and we are glad to welcome h
   ** new best WER=0.799 -> best.pt
ep4 step14050/43940 loss=1.0038 acc=0.619 lr=1.43e-04 gnorm=5.70 50 smp/s
ep4 step14100/43940 loss=1.1265 acc=0.586 lr=1.42e-04 gnorm=6.57 50 smp/s
ep4 step14150/43940 loss=0.9000 acc=0.643 lr=1.42e-04 gnorm=3.36 50 smp/s
ep4 step14200/43940 loss=0.9665 acc=0.615 lr=1.42e-04 gnorm=10.86 50 smp/s
ep4 step14250/43940 loss=1.0314 acc=0.594 lr=1.42e-04 gnorm=9.92 50 smp/s
ep4 step14300/43940 loss=0.9418 acc=0.634 lr=1.41e-04 gnorm=3.88 50 smp/s
ep4 step14350/43940 loss=1.2156 acc=0.591 lr=1.41e-04 gnorm=7.38 50 smp/s
ep4 step14400/43940 loss=0.9335 acc=0.632 lr=1.41e-04 gnorm=5.60 50 smp/s
ep4 step14450/43940 loss=0.9360 acc=0.633 lr=1.41e-04 gnorm=5.75 50 smp/s
ep4 step14500/43940 loss=0.9096 acc=0.634 lr=1.40e-04 gnorm=3.87 50 smp/s
ep4 step14550/43940 loss=0.9995 acc=0.610 lr=1.40e-04 gnorm=4.70 50 smp/s
ep4 step14600/43940 loss=1.1936 acc=0.565 lr=1.40e-04 gnorm=9.23 50 smp/s
ep4 step14650/43940 loss=0.9233 acc=0.626 lr=1.40e-04 gnorm=5.95 50 smp/s
ep4 step14700/43940 loss=1.0735 acc=0.584 lr=1.39e-04 gnorm=1.33 50 smp/s
ep4 step14750/43940 loss=0.9511 acc=0.620 lr=1.39e-04 gnorm=3.98 50 smp/s
ep4 step14800/43940 loss=1.0033 acc=0.604 lr=1.39e-04 gnorm=2.11 50 smp/s
ep4 step14850/43940 loss=1.0389 acc=0.594 lr=1.39e-04 gnorm=4.65 50 smp/s
ep4 step14900/43940 loss=1.2125 acc=0.588 lr=1.38e-04 gnorm=3.66 50 smp/s
ep4 step14950/43940 loss=1.0247 acc=0.604 lr=1.38e-04 gnorm=2.00 50 smp/s
ep4 step15000/43940 loss=1.0245 acc=0.596 lr=1.38e-04 gnorm=1.13 50 smp/s
ep4 step15050/43940 loss=1.1129 acc=0.570 lr=1.38e-04 gnorm=11.92 50 smp/s
ep4 step15100/43940 loss=0.9549 acc=0.623 lr=1.38e-04 gnorm=4.80 50 smp/s
ep4 step15150/43940 loss=0.9944 acc=0.621 lr=1.37e-04 gnorm=5.18 50 smp/s
ep4 step15200/43940 loss=1.0417 acc=0.603 lr=1.37e-04 gnorm=9.77 50 smp/s
ep4 step15250/43940 loss=1.0509 acc=0.571 lr=1.37e-04 gnorm=1.01 50 smp/s
ep4 step15300/43940 loss=1.0190 acc=0.609 lr=1.37e-04 gnorm=2.13 50 smp/s
ep4 step15350/43940 loss=1.0590 acc=0.579 lr=1.36e-04 gnorm=5.76 50 smp/s
ep4 step15400/43940 loss=1.1550 acc=0.588 lr=1.36e-04 gnorm=7.31 50 smp/s
ep4 step15450/43940 loss=0.8734 acc=0.644 lr=1.36e-04 gnorm=5.40 50 smp/s
ep4 step15500/43940 loss=0.9956 acc=0.625 lr=1.36e-04 gnorm=1.26 50 smp/s
ep4 step15550/43940 loss=0.9491 acc=0.630 lr=1.35e-04 gnorm=1.16 50 smp/s
ep4 step15600/43940 loss=1.0208 acc=0.619 lr=1.35e-04 gnorm=7.27 50 smp/s
ep4 step15650/43940 loss=0.9473 acc=0.634 lr=1.35e-04 gnorm=4.02 50 smp/s
ep4 step15700/43940 loss=1.0318 acc=0.619 lr=1.35e-04 gnorm=9.29 50 smp/s
ep4 step15750/43940 loss=1.0522 acc=0.601 lr=1.34e-04 gnorm=11.03 50 smp/s
ep4 step15800/43940 loss=1.0292 acc=0.620 lr=1.34e-04 gnorm=7.96 50 smp/s
ep4 step15850/43940 loss=1.0609 acc=0.591 lr=1.34e-04 gnorm=2.20 50 smp/s
ep4 step15900/43940 loss=1.0069 acc=0.602 lr=1.34e-04 gnorm=5.62 50 smp/s
ep4 step15950/43940 loss=0.9518 acc=0.619 lr=1.33e-04 gnorm=3.06 50 smp/s
ep4 step16000/43940 loss=1.0944 acc=0.568 lr=1.33e-04 gnorm=3.89 50 smp/s
[eval @ 16000] WER=0.781 CER=0.418 SER=0.990 loss=1.010 content_acc=0.378 fill_rate=0.429 entropy=0.768 distinct=30
   Full: <s> m i s t e r | q u i l t e r | i s | t h e a p o s t t l | o f | t h e | m i d d l e | c c a s s s s a a d | | e e | a r e g g l a d | t 
   Hyp : mister quilter is theaposttl of the middle ccassssaad  ee aregglad t wwelccmme h
   Ref : mister quilter is the apostle of the middle classes and we are glad to welcome h
   ** new best WER=0.781 -> best.pt
ep4 step16050/43940 loss=1.0338 acc=0.602 lr=1.33e-04 gnorm=11.41 50 smp/s
ep4 step16100/43940 loss=1.0314 acc=0.602 lr=1.33e-04 gnorm=5.21 50 smp/s
ep4 step16150/43940 loss=1.1082 acc=0.578 lr=1.33e-04 gnorm=1.42 50 smp/s
ep4 step16200/43940 loss=1.1048 acc=0.598 lr=1.32e-04 gnorm=8.27 50 smp/s
ep4 step16250/43940 loss=1.0748 acc=0.593 lr=1.32e-04 gnorm=7.93 50 smp/s
ep4 step16300/43940 loss=0.9915 acc=0.603 lr=1.32e-04 gnorm=4.57 50 smp/s
ep4 step16350/43940 loss=0.9290 acc=0.635 lr=1.32e-04 gnorm=3.79 50 smp/s
ep4 step16400/43940 loss=0.9075 acc=0.637 lr=1.31e-04 gnorm=4.55 50 smp/s
ep4 step16450/43940 loss=0.8587 acc=0.659 lr=1.31e-04 gnorm=2.34 50 smp/s
ep4 step16500/43940 loss=1.0029 acc=0.607 lr=1.31e-04 gnorm=1.13 50 smp/s
ep4 step16550/43940 loss=0.9401 acc=0.637 lr=1.31e-04 gnorm=4.95 50 smp/s
ep4 step16600/43940 loss=0.9978 acc=0.622 lr=1.30e-04 gnorm=2.38 50 smp/s
ep4 step16650/43940 loss=1.0289 acc=0.596 lr=1.30e-04 gnorm=5.17 50 smp/s
ep4 step16700/43940 loss=1.0688 acc=0.604 lr=1.30e-04 gnorm=15.06 50 smp/s
ep4 step16750/43940 loss=1.0313 acc=0.601 lr=1.30e-04 gnorm=2.13 50 smp/s
ep4 step16800/43940 loss=0.8623 acc=0.657 lr=1.29e-04 gnorm=1.27 50 smp/s
ep4 step16850/43940 loss=1.2485 acc=0.536 lr=1.29e-04 gnorm=11.34 50 smp/s
ep4 step16900/43940 loss=1.0633 acc=0.596 lr=1.29e-04 gnorm=3.99 50 smp/s
ep4 step16950/43940 loss=1.1095 acc=0.591 lr=1.29e-04 gnorm=6.91 50 smp/s
ep4 step17000/43940 loss=1.0315 acc=0.604 lr=1.28e-04 gnorm=10.21 50 smp/s
ep4 step17050/43940 loss=1.1237 acc=0.574 lr=1.28e-04 gnorm=6.85 50 smp/s
ep4 step17100/43940 loss=1.1681 acc=0.578 lr=1.28e-04 gnorm=5.13 50 smp/s
ep4 step17150/43940 loss=1.0692 acc=0.607 lr=1.28e-04 gnorm=10.50 50 smp/s
ep4 step17200/43940 loss=1.0155 acc=0.618 lr=1.28e-04 gnorm=5.08 50 smp/s
ep4 step17250/43940 loss=1.1066 acc=0.587 lr=1.27e-04 gnorm=11.69 50 smp/s
ep4 step17300/43940 loss=1.0107 acc=0.601 lr=1.27e-04 gnorm=1.86 50 smp/s
ep4 step17350/43940 loss=1.2320 acc=0.584 lr=1.27e-04 gnorm=11.86 50 smp/s
ep4 step17400/43940 loss=0.9614 acc=0.612 lr=1.27e-04 gnorm=8.73 50 smp/s
ep4 step17450/43940 loss=0.9585 acc=0.622 lr=1.26e-04 gnorm=4.89 50 smp/s
ep4 step17500/43940 loss=0.9778 acc=0.616 lr=1.26e-04 gnorm=8.91 50 smp/s
ep4 step17550/43940 loss=1.1531 acc=0.558 lr=1.26e-04 gnorm=9.16 50 smp/s
ep5 step17600/43940 loss=0.8804 acc=0.642 lr=1.26e-04 gnorm=3.33 50 smp/s
ep5 step17650/43940 loss=1.0153 acc=0.612 lr=1.25e-04 gnorm=6.22 50 smp/s
ep5 step17700/43940 loss=0.9161 acc=0.637 lr=1.25e-04 gnorm=2.80 50 smp/s
ep5 step17750/43940 loss=0.9827 acc=0.632 lr=1.25e-04 gnorm=6.59 50 smp/s
ep5 step17800/43940 loss=0.9717 acc=0.643 lr=1.25e-04 gnorm=4.04 50 smp/s
ep5 step17850/43940 loss=1.1469 acc=0.580 lr=1.24e-04 gnorm=1.68 50 smp/s
ep5 step17900/43940 loss=1.0050 acc=0.608 lr=1.24e-04 gnorm=5.58 50 smp/s
ep5 step17950/43940 loss=0.9498 acc=0.624 lr=1.24e-04 gnorm=1.74 50 smp/s
ep5 step18000/43940 loss=1.0513 acc=0.595 lr=1.24e-04 gnorm=9.23 50 smp/s
[eval @ 18000] WER=0.727 CER=0.368 SER=0.972 loss=0.741 content_acc=0.495 fill_rate=0.424 entropy=0.768 distinct=30
   Full: <s> m i s t e r | q u i l t e r | i s | t h e | p p o s t l e | o f | t e e | m i d l e e c c l s s s s s | a n d | w e e a r e g g l a d | 
   Hyp : mister quilter is the ppostle of tee midleecclsssss and weearegglad o wwellomee 
   Ref : mister quilter is the apostle of the middle classes and we are glad to welcome h
   ** new best WER=0.727 -> best.pt
ep5 step18050/43940 loss=0.9359 acc=0.616 lr=1.23e-04 gnorm=6.78 50 smp/s
ep5 step18100/43940 loss=0.8912 acc=0.647 lr=1.23e-04 gnorm=3.43 50 smp/s
ep5 step18150/43940 loss=1.0095 acc=0.608 lr=1.23e-04 gnorm=9.89 50 smp/s
ep5 step18200/43940 loss=1.1086 acc=0.572 lr=1.23e-04 gnorm=5.26 50 smp/s
ep5 step18250/43940 loss=0.9541 acc=0.631 lr=1.23e-04 gnorm=4.63 50 smp/s
ep5 step18300/43940 loss=0.9013 acc=0.628 lr=1.22e-04 gnorm=5.92 50 smp/s
ep5 step18350/43940 loss=1.3456 acc=0.559 lr=1.22e-04 gnorm=17.30 50 smp/s
ep5 step18400/43940 loss=1.0068 acc=0.605 lr=1.22e-04 gnorm=8.03 50 smp/s
ep5 step18450/43940 loss=1.0199 acc=0.602 lr=1.22e-04 gnorm=10.43 50 smp/s
ep5 step18500/43940 loss=1.0068 acc=0.613 lr=1.21e-04 gnorm=1.16 50 smp/s
ep5 step18550/43940 loss=1.0659 acc=0.582 lr=1.21e-04 gnorm=7.21 50 smp/s
ep5 step18600/43940 loss=1.0484 acc=0.598 lr=1.21e-04 gnorm=10.56 50 smp/s
ep5 step18650/43940 loss=1.2955 acc=0.558 lr=1.21e-04 gnorm=7.16 50 smp/s
ep5 step18700/43940 loss=0.9673 acc=0.616 lr=1.20e-04 gnorm=7.54 50 smp/s
ep5 step18750/43940 loss=1.0845 acc=0.578 lr=1.20e-04 gnorm=4.13 50 smp/s
ep5 step18800/43940 loss=0.9798 acc=0.622 lr=1.20e-04 gnorm=3.92 50 smp/s
ep5 step18850/43940 loss=1.0310 acc=0.601 lr=1.20e-04 gnorm=11.46 50 smp/s
ep5 step18900/43940 loss=0.9825 acc=0.628 lr=1.19e-04 gnorm=1.37 50 smp/s
ep5 step18950/43940 loss=1.3928 acc=0.554 lr=1.19e-04 gnorm=14.63 50 smp/s
ep5 step19000/43940 loss=0.8192 acc=0.659 lr=1.19e-04 gnorm=6.36 50 smp/s
ep5 step19050/43940 loss=1.1206 acc=0.574 lr=1.19e-04 gnorm=6.15 50 smp/s
ep5 step19100/43940 loss=1.0366 acc=0.612 lr=1.18e-04 gnorm=3.80 50 smp/s
ep5 step19150/43940 loss=0.9386 acc=0.624 lr=1.18e-04 gnorm=1.14 50 smp/s
ep5 step19200/43940 loss=0.8869 acc=0.645 lr=1.18e-04 gnorm=2.78 50 smp/s
ep5 step19250/43940 loss=1.0272 acc=0.601 lr=1.18e-04 gnorm=2.27 50 smp/s
ep5 step19300/43940 loss=0.9568 acc=0.607 lr=1.18e-04 gnorm=6.19 50 smp/s
ep5 step19350/43940 loss=0.9348 acc=0.622 lr=1.17e-04 gnorm=2.64 50 smp/s
ep5 step19400/43940 loss=1.0899 acc=0.599 lr=1.17e-04 gnorm=12.85 50 smp/s
ep5 step19450/43940 loss=1.1228 acc=0.576 lr=1.17e-04 gnorm=3.43 50 smp/s
ep5 step19500/43940 loss=0.9900 acc=0.619 lr=1.17e-04 gnorm=6.06 50 smp/s
ep5 step19550/43940 loss=1.0236 acc=0.601 lr=1.16e-04 gnorm=1.47 50 smp/s
ep5 step19600/43940 loss=0.9711 acc=0.627 lr=1.16e-04 gnorm=7.18 50 smp/s
ep5 step19650/43940 loss=1.0671 acc=0.575 lr=1.16e-04 gnorm=6.93 50 smp/s
ep5 step19700/43940 loss=1.0240 acc=0.594 lr=1.16e-04 gnorm=1.53 50 smp/s
ep5 step19750/43940 loss=0.9020 acc=0.656 lr=1.15e-04 gnorm=4.00 50 smp/s
ep5 step19800/43940 loss=0.9643 acc=0.609 lr=1.15e-04 gnorm=1.05 50 smp/s
ep5 step19850/43940 loss=0.9377 acc=0.617 lr=1.15e-04 gnorm=3.61 50 smp/s
ep5 step19900/43940 loss=0.9332 acc=0.637 lr=1.15e-04 gnorm=1.82 50 smp/s
ep5 step19950/43940 loss=0.9007 acc=0.630 lr=1.14e-04 gnorm=11.44 50 smp/s
ep5 step20000/43940 loss=0.9255 acc=0.622 lr=1.14e-04 gnorm=2.07 50 smp/s
[eval @ 20000] WER=0.740 CER=0.373 SER=0.978 loss=1.029 content_acc=0.401 fill_rate=0.431 entropy=0.739 distinct=30
   Full: <s> m i s t e r | q u i l t e r r | i | t h e | a p o s t l e | o f t h e | | i i d d l e | l a a s s s | a n d w e e a r r | g l a a d t t 
   Hyp : mister quilterr i the apostle ofthe  iiddle laasss andweearr glaadtt weecomee hi
   Ref : mister quilter is the apostle of the middle classes and we are glad to welcome h
ep5 step20050/43940 loss=1.0522 acc=0.606 lr=1.14e-04 gnorm=1.35 50 smp/s
ep5 step20100/43940 loss=1.0258 acc=0.608 lr=1.14e-04 gnorm=10.34 50 smp/s
ep5 step20150/43940 loss=1.0720 acc=0.589 lr=1.13e-04 gnorm=1.53 50 smp/s
ep5 step20200/43940 loss=1.2785 acc=0.541 lr=1.13e-04 gnorm=11.37 50 smp/s
ep5 step20250/43940 loss=0.9487 acc=0.625 lr=1.13e-04 gnorm=5.56 50 smp/s
ep5 step20300/43940 loss=1.0312 acc=0.596 lr=1.13e-04 gnorm=6.26 50 smp/s
ep5 step20350/43940 loss=1.1807 acc=0.569 lr=1.12e-04 gnorm=9.58 50 smp/s
ep5 step20400/43940 loss=0.9522 acc=0.626 lr=1.12e-04 gnorm=0.82 50 smp/s
ep5 step20450/43940 loss=0.9653 acc=0.614 lr=1.12e-04 gnorm=1.80 50 smp/s
ep5 step20500/43940 loss=0.9232 acc=0.630 lr=1.12e-04 gnorm=8.11 50 smp/s
ep5 step20550/43940 loss=0.9775 acc=0.605 lr=1.12e-04 gnorm=8.55 50 smp/s
ep5 step20600/43940 loss=0.9732 acc=0.616 lr=1.11e-04 gnorm=4.00 50 smp/s
ep5 step20650/43940 loss=0.9356 acc=0.631 lr=1.11e-04 gnorm=1.31 50 smp/s
ep5 step20700/43940 loss=1.0097 acc=0.609 lr=1.11e-04 gnorm=6.24 50 smp/s
ep5 step20750/43940 loss=0.8325 acc=0.669 lr=1.11e-04 gnorm=7.30 50 smp/s
ep5 step20800/43940 loss=0.8321 acc=0.661 lr=1.10e-04 gnorm=4.88 50 smp/s
ep5 step20850/43940 loss=1.0132 acc=0.599 lr=1.10e-04 gnorm=3.40 50 smp/s
ep5 step20900/43940 loss=0.9360 acc=0.631 lr=1.10e-04 gnorm=7.49 50 smp/s
ep5 step20950/43940 loss=0.9939 acc=0.612 lr=1.10e-04 gnorm=2.16 50 smp/s
ep5 step21000/43940 loss=0.9318 acc=0.637 lr=1.09e-04 gnorm=3.44 50 smp/s
ep5 step21050/43940 loss=0.9539 acc=0.626 lr=1.09e-04 gnorm=2.54 50 smp/s
ep5 step21100/43940 loss=1.0492 acc=0.593 lr=1.09e-04 gnorm=8.65 50 smp/s
ep5 step21150/43940 loss=0.9285 acc=0.621 lr=1.09e-04 gnorm=7.70 50 smp/s
ep5 step21200/43940 loss=0.9813 acc=0.615 lr=1.08e-04 gnorm=6.15 50 smp/s
ep5 step21250/43940 loss=0.8927 acc=0.621 lr=1.08e-04 gnorm=6.27 50 smp/s
ep5 step21300/43940 loss=0.9099 acc=0.632 lr=1.08e-04 gnorm=1.68 50 smp/s
ep5 step21350/43940 loss=0.9214 acc=0.631 lr=1.08e-04 gnorm=4.13 50 smp/s
ep5 step21400/43940 loss=1.0439 acc=0.614 lr=1.07e-04 gnorm=2.66 50 smp/s
ep5 step21450/43940 loss=0.9316 acc=0.638 lr=1.07e-04 gnorm=2.32 50 smp/s
ep5 step21500/43940 loss=0.8725 acc=0.632 lr=1.07e-04 gnorm=4.57 50 smp/s
ep5 step21550/43940 loss=1.0225 acc=0.600 lr=1.07e-04 gnorm=5.67 50 smp/s
ep5 step21600/43940 loss=0.9980 acc=0.591 lr=1.07e-04 gnorm=2.41 50 smp/s
ep5 step21650/43940 loss=0.8763 acc=0.653 lr=1.06e-04 gnorm=8.37 50 smp/s
ep5 step21700/43940 loss=0.8090 acc=0.663 lr=1.06e-04 gnorm=4.45 50 smp/s
ep5 step21750/43940 loss=0.9784 acc=0.625 lr=1.06e-04 gnorm=3.19 50 smp/s
ep5 step21800/43940 loss=0.9455 acc=0.616 lr=1.06e-04 gnorm=3.67 50 smp/s
ep5 step21850/43940 loss=0.9016 acc=0.631 lr=1.05e-04 gnorm=2.49 50 smp/s
ep5 step21900/43940 loss=0.8803 acc=0.645 lr=1.05e-04 gnorm=2.79 50 smp/s
ep5 step21950/43940 loss=0.8919 acc=0.646 lr=1.05e-04 gnorm=6.16 50 smp/s
ep6 step22000/43940 loss=0.9748 acc=0.633 lr=1.05e-04 gnorm=4.36 50 smp/s
[eval @ 22000] WER=0.682 CER=0.339 SER=0.952 loss=1.107 content_acc=0.356 fill_rate=0.432 entropy=0.681 distinct=30
   Full: <s> m i s t e r | q u i l t e r | i s | t e | | p o s t l e | o f | t h e | m i d d e e | c l a s s s | a a n | w e | a r e | g g a a | t o 
   Hyp : mister quilter is te  postle of the middee classs aan we are ggaa to wwlcome his
   Ref : mister quilter is the apostle of the middle classes and we are glad to welcome h
   ** new best WER=0.682 -> best.pt
ep6 step22050/43940 loss=1.0514 acc=0.619 lr=1.04e-04 gnorm=11.39 50 smp/s
ep6 step22100/43940 loss=0.9165 acc=0.620 lr=1.04e-04 gnorm=2.72 50 smp/s
ep6 step22150/43940 loss=1.3207 acc=0.539 lr=1.04e-04 gnorm=16.55 50 smp/s
ep6 step22200/43940 loss=0.8534 acc=0.649 lr=1.04e-04 gnorm=2.93 50 smp/s
ep6 step22250/43940 loss=0.9761 acc=0.620 lr=1.03e-04 gnorm=12.23 50 smp/s
ep6 step22300/43940 loss=1.0010 acc=0.598 lr=1.03e-04 gnorm=9.05 50 smp/s
ep6 step22350/43940 loss=0.9749 acc=0.625 lr=1.03e-04 gnorm=7.62 50 smp/s
ep6 step22400/43940 loss=1.0531 acc=0.584 lr=1.03e-04 gnorm=6.95 50 smp/s
ep6 step22450/43940 loss=1.1999 acc=0.581 lr=1.02e-04 gnorm=10.05 50 smp/s
ep6 step22500/43940 loss=0.9282 acc=0.626 lr=1.02e-04 gnorm=11.89 50 smp/s
ep6 step22550/43940 loss=0.9194 acc=0.623 lr=1.02e-04 gnorm=1.50 50 smp/s
ep6 step22600/43940 loss=1.0291 acc=0.611 lr=1.02e-04 gnorm=4.16 50 smp/s
ep6 step22650/43940 loss=0.9933 acc=0.640 lr=1.02e-04 gnorm=7.20 50 smp/s
ep6 step22700/43940 loss=0.9248 acc=0.629 lr=1.01e-04 gnorm=3.10 50 smp/s
ep6 step22750/43940 loss=0.9483 acc=0.640 lr=1.01e-04 gnorm=1.66 50 smp/s
ep6 step22800/43940 loss=1.0919 acc=0.581 lr=1.01e-04 gnorm=9.52 50 smp/s
ep6 step22850/43940 loss=0.9648 acc=0.614 lr=1.01e-04 gnorm=5.97 50 smp/s
ep6 step22900/43940 loss=0.8434 acc=0.642 lr=1.00e-04 gnorm=2.77 50 smp/s
ep6 step22950/43940 loss=0.9324 acc=0.644 lr=1.00e-04 gnorm=6.76 50 smp/s
ep6 step23000/43940 loss=0.8608 acc=0.648 lr=9.99e-05 gnorm=8.87 50 smp/s
ep6 step23050/43940 loss=0.8429 acc=0.652 lr=9.96e-05 gnorm=3.56 50 smp/s
ep6 step23100/43940 loss=1.1085 acc=0.569 lr=9.94e-05 gnorm=8.41 50 smp/s
ep6 step23150/43940 loss=0.8942 acc=0.651 lr=9.91e-05 gnorm=2.43 50 smp/s
ep6 step23200/43940 loss=0.7871 acc=0.672 lr=9.89e-05 gnorm=4.13 50 smp/s
ep6 step23250/43940 loss=0.9315 acc=0.621 lr=9.87e-05 gnorm=8.67 50 smp/s
ep6 step23300/43940 loss=1.1222 acc=0.591 lr=9.84e-05 gnorm=6.65 50 smp/s
ep6 step23350/43940 loss=0.8483 acc=0.650 lr=9.82e-05 gnorm=1.59 50 smp/s
ep6 step23400/43940 loss=1.0585 acc=0.605 lr=9.79e-05 gnorm=8.63 50 smp/s
ep6 step23450/43940 loss=0.9905 acc=0.618 lr=9.77e-05 gnorm=3.42 50 smp/s
ep6 step23500/43940 loss=1.0251 acc=0.603 lr=9.75e-05 gnorm=1.78 50 smp/s
ep6 step23550/43940 loss=1.0361 acc=0.605 lr=9.72e-05 gnorm=2.66 50 smp/s
ep6 step23600/43940 loss=0.8925 acc=0.647 lr=9.70e-05 gnorm=4.10 50 smp/s
ep6 step23650/43940 loss=0.8570 acc=0.654 lr=9.68e-05 gnorm=2.75 50 smp/s
ep6 step23700/43940 loss=0.9871 acc=0.629 lr=9.65e-05 gnorm=1.97 50 smp/s
ep6 step23750/43940 loss=0.8578 acc=0.644 lr=9.63e-05 gnorm=6.25 50 smp/s
ep6 step23800/43940 loss=0.7934 acc=0.665 lr=9.60e-05 gnorm=5.41 50 smp/s
ep6 step23850/43940 loss=0.9938 acc=0.618 lr=9.58e-05 gnorm=1.84 50 smp/s
ep6 step23900/43940 loss=0.7576 acc=0.694 lr=9.56e-05 gnorm=3.74 50 smp/s
ep6 step23950/43940 loss=1.0228 acc=0.591 lr=9.53e-05 gnorm=7.03 50 smp/s
ep6 step24000/43940 loss=1.2042 acc=0.560 lr=9.51e-05 gnorm=9.94 50 smp/s
[eval @ 24000] WER=0.653 CER=0.333 SER=0.950 loss=0.759 content_acc=0.485 fill_rate=0.424 entropy=0.685 distinct=30
   Full: <s> m i s t e r | q u i l t e r | i s | t h e | a p o s t l e | o f | t h | | i i d l l e | c a a s s s s | a d | w w e a a r | g g a a d t 
   Hyp : mister quilter is the apostle of th  iidlle caassss ad wweaar ggaadto wwllome hi
   Ref : mister quilter is the apostle of the middle classes and we are glad to welcome h
   ** new best WER=0.653 -> best.pt
ep6 step24050/43940 loss=0.8813 acc=0.645 lr=9.48e-05 gnorm=7.70 50 smp/s
ep6 step24100/43940 loss=0.8491 acc=0.657 lr=9.46e-05 gnorm=4.48 50 smp/s
ep6 step24150/43940 loss=1.0234 acc=0.608 lr=9.44e-05 gnorm=2.79 50 smp/s
ep6 step24200/43940 loss=1.0614 acc=0.595 lr=9.41e-05 gnorm=7.32 50 smp/s
ep6 step24250/43940 loss=0.9804 acc=0.612 lr=9.39e-05 gnorm=1.09 50 smp/s
ep6 step24300/43940 loss=0.9615 acc=0.612 lr=9.37e-05 gnorm=1.93 50 smp/s
ep6 step24350/43940 loss=0.8919 acc=0.639 lr=9.34e-05 gnorm=2.11 50 smp/s
ep6 step24400/43940 loss=0.8311 acc=0.663 lr=9.32e-05 gnorm=1.59 50 smp/s
ep6 step24450/43940 loss=1.0017 acc=0.596 lr=9.29e-05 gnorm=6.09 50 smp/s
ep6 step24500/43940 loss=0.8841 acc=0.642 lr=9.27e-05 gnorm=7.11 50 smp/s
ep6 step24550/43940 loss=0.9697 acc=0.622 lr=9.25e-05 gnorm=4.07 50 smp/s
ep6 step24600/43940 loss=0.9056 acc=0.648 lr=9.22e-05 gnorm=10.75 50 smp/s
ep6 step24650/43940 loss=1.1855 acc=0.563 lr=9.20e-05 gnorm=15.40 50 smp/s
ep6 step24700/43940 loss=0.8428 acc=0.665 lr=9.18e-05 gnorm=2.38 50 smp/s
ep6 step24750/43940 loss=0.8791 acc=0.655 lr=9.15e-05 gnorm=2.76 50 smp/s
ep6 step24800/43940 loss=0.8272 acc=0.658 lr=9.13e-05 gnorm=4.24 50 smp/s
ep6 step24850/43940 loss=1.2947 acc=0.557 lr=9.10e-05 gnorm=13.78 50 smp/s
ep6 step24900/43940 loss=1.1865 acc=0.562 lr=9.08e-05 gnorm=5.25 50 smp/s
ep6 step24950/43940 loss=0.8692 acc=0.639 lr=9.06e-05 gnorm=6.53 50 smp/s
ep6 step25000/43940 loss=0.9412 acc=0.625 lr=9.03e-05 gnorm=10.07 50 smp/s
ep6 step25050/43940 loss=0.9287 acc=0.622 lr=9.01e-05 gnorm=1.40 50 smp/s
ep6 step25100/43940 loss=0.8245 acc=0.678 lr=8.98e-05 gnorm=4.57 50 smp/s
ep6 step25150/43940 loss=0.8252 acc=0.672 lr=8.96e-05 gnorm=3.63 50 smp/s
ep6 step25200/43940 loss=0.8903 acc=0.646 lr=8.94e-05 gnorm=1.56 50 smp/s
ep6 step25250/43940 loss=0.9384 acc=0.637 lr=8.91e-05 gnorm=2.42 50 smp/s
ep6 step25300/43940 loss=0.9763 acc=0.615 lr=8.89e-05 gnorm=1.95 50 smp/s
ep6 step25350/43940 loss=0.9238 acc=0.626 lr=8.87e-05 gnorm=1.93 50 smp/s
ep6 step25400/43940 loss=0.9527 acc=0.623 lr=8.84e-05 gnorm=2.68 50 smp/s
ep6 step25450/43940 loss=0.9949 acc=0.596 lr=8.82e-05 gnorm=8.33 50 smp/s
ep6 step25500/43940 loss=0.9102 acc=0.635 lr=8.79e-05 gnorm=5.72 50 smp/s
ep6 step25550/43940 loss=0.8496 acc=0.646 lr=8.77e-05 gnorm=2.44 50 smp/s
ep6 step25600/43940 loss=0.8685 acc=0.636 lr=8.75e-05 gnorm=1.89 50 smp/s
ep6 step25650/43940 loss=0.9213 acc=0.634 lr=8.72e-05 gnorm=5.40 50 smp/s
ep6 step25700/43940 loss=0.8041 acc=0.663 lr=8.70e-05 gnorm=3.44 50 smp/s
ep6 step25750/43940 loss=0.9198 acc=0.632 lr=8.67e-05 gnorm=6.27 50 smp/s
ep6 step25800/43940 loss=1.0283 acc=0.599 lr=8.65e-05 gnorm=2.21 50 smp/s
ep6 step25850/43940 loss=0.8984 acc=0.642 lr=8.63e-05 gnorm=7.55 50 smp/s
ep6 step25900/43940 loss=1.0692 acc=0.589 lr=8.60e-05 gnorm=7.68 50 smp/s
ep6 step25950/43940 loss=0.8635 acc=0.647 lr=8.58e-05 gnorm=3.64 50 smp/s
ep6 step26000/43940 loss=0.8556 acc=0.642 lr=8.56e-05 gnorm=8.19 50 smp/s
[eval @ 26000] WER=0.615 CER=0.312 SER=0.946 loss=0.821 content_acc=0.463 fill_rate=0.424 entropy=0.614 distinct=30
   Full: <s> m i s t e r | q u i l t e r | i s | t h e | a p o s t l e | o f | t e | | i i d l l e | c a s s e s | a n d | w e | a r e | g l a d d t 
   Hyp : mister quilter is the apostle of te  iidlle casses and we are gladdto welccme hi
   Ref : mister quilter is the apostle of the middle classes and we are glad to welcome h
   ** new best WER=0.615 -> best.pt
ep6 step26050/43940 loss=0.7825 acc=0.676 lr=8.53e-05 gnorm=4.98 50 smp/s
ep6 step26100/43940 loss=0.8331 acc=0.655 lr=8.51e-05 gnorm=2.84 50 smp/s
ep6 step26150/43940 loss=0.9693 acc=0.630 lr=8.48e-05 gnorm=2.37 50 smp/s
ep6 step26200/43940 loss=0.8472 acc=0.665 lr=8.46e-05 gnorm=1.52 50 smp/s
ep6 step26250/43940 loss=0.9181 acc=0.632 lr=8.44e-05 gnorm=1.84 50 smp/s
ep6 step26300/43940 loss=0.7707 acc=0.681 lr=8.41e-05 gnorm=5.46 50 smp/s
ep6 step26350/43940 loss=0.8313 acc=0.672 lr=8.39e-05 gnorm=2.68 50 smp/s
ep7 step26400/43940 loss=0.8655 acc=0.667 lr=8.36e-05 gnorm=3.79 50 smp/s
ep7 step26450/43940 loss=0.8245 acc=0.668 lr=8.34e-05 gnorm=1.06 50 smp/s
ep7 step26500/43940 loss=0.9360 acc=0.662 lr=8.32e-05 gnorm=4.58 50 smp/s
ep7 step26550/43940 loss=0.9295 acc=0.640 lr=8.29e-05 gnorm=6.07 50 smp/s
ep7 step26600/43940 loss=0.8830 acc=0.634 lr=8.27e-05 gnorm=3.55 50 smp/s
ep7 step26650/43940 loss=0.8897 acc=0.633 lr=8.25e-05 gnorm=3.02 50 smp/s
ep7 step26700/43940 loss=0.9209 acc=0.629 lr=8.22e-05 gnorm=4.00 50 smp/s
ep7 step26750/43940 loss=0.8965 acc=0.626 lr=8.20e-05 gnorm=7.68 50 smp/s
ep7 step26800/43940 loss=0.8903 acc=0.629 lr=8.17e-05 gnorm=3.59 50 smp/s
ep7 step26850/43940 loss=0.8043 acc=0.665 lr=8.15e-05 gnorm=7.36 50 smp/s
ep7 step26900/43940 loss=0.9553 acc=0.640 lr=8.13e-05 gnorm=11.51 50 smp/s
ep7 step26950/43940 loss=0.9094 acc=0.639 lr=8.10e-05 gnorm=9.09 50 smp/s
ep7 step27000/43940 loss=0.8426 acc=0.646 lr=8.08e-05 gnorm=1.07 50 smp/s
ep7 step27050/43940 loss=1.1037 acc=0.570 lr=8.05e-05 gnorm=9.65 50 smp/s
ep7 step27100/43940 loss=0.9344 acc=0.633 lr=8.03e-05 gnorm=4.27 50 smp/s
ep7 step27150/43940 loss=0.9888 acc=0.599 lr=8.01e-05 gnorm=6.07 50 smp/s
ep7 step27200/43940 loss=1.0195 acc=0.628 lr=7.98e-05 gnorm=9.01 50 smp/s
ep7 step27250/43940 loss=1.0706 acc=0.590 lr=7.96e-05 gnorm=4.56 50 smp/s
ep7 step27300/43940 loss=0.8272 acc=0.653 lr=7.94e-05 gnorm=1.97 50 smp/s
ep7 step27350/43940 loss=0.9025 acc=0.630 lr=7.91e-05 gnorm=3.67 50 smp/s
ep7 step27400/43940 loss=0.9918 acc=0.627 lr=7.89e-05 gnorm=1.44 50 smp/s
ep7 step27450/43940 loss=0.8620 acc=0.646 lr=7.86e-05 gnorm=2.47 50 smp/s
ep7 step27500/43940 loss=0.9138 acc=0.619 lr=7.84e-05 gnorm=1.55 50 smp/s
ep7 step27550/43940 loss=0.8896 acc=0.639 lr=7.82e-05 gnorm=4.46 50 smp/s
ep7 step27600/43940 loss=0.9062 acc=0.647 lr=7.79e-05 gnorm=4.15 50 smp/s
ep7 step27650/43940 loss=0.8731 acc=0.659 lr=7.77e-05 gnorm=6.14 50 smp/s
ep7 step27700/43940 loss=0.8473 acc=0.650 lr=7.74e-05 gnorm=7.39 50 smp/s
ep7 step27750/43940 loss=0.8539 acc=0.658 lr=7.72e-05 gnorm=4.27 50 smp/s
ep7 step27800/43940 loss=1.1560 acc=0.562 lr=7.70e-05 gnorm=8.79 50 smp/s
ep7 step27850/43940 loss=1.0852 acc=0.587 lr=7.67e-05 gnorm=6.12 50 smp/s
ep7 step27900/43940 loss=0.8200 acc=0.652 lr=7.65e-05 gnorm=10.79 50 smp/s
ep7 step27950/43940 loss=1.0760 acc=0.597 lr=7.63e-05 gnorm=5.33 50 smp/s
ep7 step28000/43940 loss=0.8729 acc=0.627 lr=7.60e-05 gnorm=7.46 50 smp/s
[eval @ 28000] WER=0.593 CER=0.298 SER=0.926 loss=0.741 content_acc=0.468 fill_rate=0.421 entropy=0.631 distinct=30
   Full: <s> m i s t e r | q u i l t e r | i s | t h e | a o s t l e | o f | t h e | m i d d l e e c l a s s e s | a n d w w e | a r e | g l a d | t 
   Hyp : mister quilter is the aostle of the middleeclasses andwwe are glad to welcome hi
   Ref : mister quilter is the apostle of the middle classes and we are glad to welcome h
   ** new best WER=0.593 -> best.pt
ep7 step28050/43940 loss=0.7636 acc=0.694 lr=7.58e-05 gnorm=1.98 50 smp/s
ep7 step28100/43940 loss=0.9823 acc=0.630 lr=7.55e-05 gnorm=4.59 50 smp/s
ep7 step28150/43940 loss=0.8166 acc=0.662 lr=7.53e-05 gnorm=2.25 50 smp/s
ep7 step28200/43940 loss=0.7583 acc=0.693 lr=7.51e-05 gnorm=5.51 50 smp/s
ep7 step28250/43940 loss=0.9888 acc=0.617 lr=7.48e-05 gnorm=9.84 50 smp/s
ep7 step28300/43940 loss=0.9362 acc=0.623 lr=7.46e-05 gnorm=5.26 50 smp/s
ep7 step28350/43940 loss=0.9154 acc=0.637 lr=7.43e-05 gnorm=2.59 50 smp/s
ep7 step28400/43940 loss=0.9191 acc=0.629 lr=7.41e-05 gnorm=1.84 50 smp/s
ep7 step28450/43940 loss=0.9636 acc=0.638 lr=7.39e-05 gnorm=2.49 50 smp/s
ep7 step28500/43940 loss=0.9157 acc=0.632 lr=7.36e-05 gnorm=8.44 50 smp/s
ep7 step28550/43940 loss=0.7977 acc=0.680 lr=7.34e-05 gnorm=2.05 50 smp/s
ep7 step28600/43940 loss=0.8704 acc=0.641 lr=7.32e-05 gnorm=1.55 50 smp/s
ep7 step28650/43940 loss=0.9032 acc=0.617 lr=7.29e-05 gnorm=7.38 50 smp/s
ep7 step28700/43940 loss=0.8677 acc=0.642 lr=7.27e-05 gnorm=6.55 50 smp/s
ep7 step28750/43940 loss=0.9173 acc=0.660 lr=7.24e-05 gnorm=3.37 50 smp/s
ep7 step28800/43940 loss=0.7593 acc=0.685 lr=7.22e-05 gnorm=5.06 50 smp/s
ep7 step28850/43940 loss=0.7286 acc=0.700 lr=7.20e-05 gnorm=3.17 50 smp/s
ep7 step28900/43940 loss=0.7944 acc=0.666 lr=7.17e-05 gnorm=1.40 50 smp/s
ep7 step28950/43940 loss=0.8820 acc=0.645 lr=7.15e-05 gnorm=6.55 50 smp/s
ep7 step29000/43940 loss=0.8713 acc=0.645 lr=7.12e-05 gnorm=2.21 50 smp/s
ep7 step29050/43940 loss=1.0010 acc=0.621 lr=7.10e-05 gnorm=13.31 50 smp/s
ep7 step29100/43940 loss=0.8125 acc=0.660 lr=7.08e-05 gnorm=1.77 50 smp/s
ep7 step29150/43940 loss=1.0060 acc=0.638 lr=7.05e-05 gnorm=2.46 50 smp/s
ep7 step29200/43940 loss=0.8000 acc=0.682 lr=7.03e-05 gnorm=2.90 50 smp/s
ep7 step29250/43940 loss=0.8931 acc=0.639 lr=7.01e-05 gnorm=4.97 50 smp/s
ep7 step29300/43940 loss=0.8767 acc=0.639 lr=6.98e-05 gnorm=3.17 50 smp/s
ep7 step29350/43940 loss=1.0083 acc=0.602 lr=6.96e-05 gnorm=4.02 50 smp/s
ep7 step29400/43940 loss=1.0828 acc=0.618 lr=6.93e-05 gnorm=11.33 50 smp/s
ep7 step29450/43940 loss=0.8303 acc=0.645 lr=6.91e-05 gnorm=3.80 50 smp/s
ep7 step29500/43940 loss=0.7966 acc=0.681 lr=6.89e-05 gnorm=2.96 50 smp/s
ep7 step29550/43940 loss=0.8164 acc=0.649 lr=6.86e-05 gnorm=6.40 50 smp/s
ep7 step29600/43940 loss=0.9545 acc=0.627 lr=6.84e-05 gnorm=8.96 50 smp/s
ep7 step29650/43940 loss=0.9409 acc=0.635 lr=6.81e-05 gnorm=6.64 50 smp/s
ep7 step29700/43940 loss=0.7319 acc=0.696 lr=6.79e-05 gnorm=5.26 50 smp/s
ep7 step29750/43940 loss=0.7900 acc=0.680 lr=6.77e-05 gnorm=4.07 50 smp/s
ep7 step29800/43940 loss=0.7794 acc=0.670 lr=6.74e-05 gnorm=3.58 50 smp/s
ep7 step29850/43940 loss=0.7312 acc=0.701 lr=6.72e-05 gnorm=1.87 50 smp/s
ep7 step29900/43940 loss=0.7736 acc=0.681 lr=6.70e-05 gnorm=1.90 50 smp/s
ep7 step29950/43940 loss=0.8889 acc=0.634 lr=6.67e-05 gnorm=6.89 50 smp/s
ep7 step30000/43940 loss=0.7572 acc=0.681 lr=6.65e-05 gnorm=7.84 50 smp/s
[eval @ 30000] WER=0.625 CER=0.289 SER=0.964 loss=1.490 content_acc=0.280 fill_rate=0.431 entropy=0.568 distinct=30
   Full: <s> m i s t e r | q u i l t e r | s s t h h e | a p s t l e | o f | t h e m i d d l e | c c a s s e s | a n d | w e | a r e e g l a a d t t 
   Hyp : mister quilter ssthhe apstle of themiddle ccasses and we areeglaadtto elcome his
   Ref : mister quilter is the apostle of the middle classes and we are glad to welcome h
ep7 step30050/43940 loss=0.8736 acc=0.642 lr=6.62e-05 gnorm=1.70 50 smp/s
ep7 step30100/43940 loss=0.8263 acc=0.690 lr=6.60e-05 gnorm=3.37 50 smp/s
ep7 step30150/43940 loss=0.9824 acc=0.602 lr=6.58e-05 gnorm=3.35 50 smp/s
ep7 step30200/43940 loss=0.7930 acc=0.669 lr=6.55e-05 gnorm=6.24 50 smp/s
ep7 step30250/43940 loss=0.8320 acc=0.655 lr=6.53e-05 gnorm=5.55 50 smp/s
ep7 step30300/43940 loss=0.8187 acc=0.665 lr=6.50e-05 gnorm=2.41 50 smp/s
ep7 step30350/43940 loss=1.0864 acc=0.620 lr=6.48e-05 gnorm=7.15 50 smp/s
ep7 step30400/43940 loss=0.9638 acc=0.617 lr=6.46e-05 gnorm=8.92 50 smp/s
ep7 step30450/43940 loss=0.7194 acc=0.694 lr=6.43e-05 gnorm=2.10 50 smp/s
ep7 step30500/43940 loss=0.8567 acc=0.660 lr=6.41e-05 gnorm=4.86 50 smp/s
ep7 step30550/43940 loss=0.9672 acc=0.641 lr=6.39e-05 gnorm=9.95 50 smp/s
ep7 step30600/43940 loss=0.8011 acc=0.661 lr=6.36e-05 gnorm=1.22 50 smp/s
ep7 step30650/43940 loss=0.8571 acc=0.651 lr=6.34e-05 gnorm=2.60 50 smp/s
ep7 step30700/43940 loss=0.8471 acc=0.653 lr=6.31e-05 gnorm=8.30 50 smp/s
ep7 step30750/43940 loss=0.7425 acc=0.689 lr=6.29e-05 gnorm=2.04 50 smp/s
ep8 step30800/43940 loss=0.8529 acc=0.646 lr=6.27e-05 gnorm=9.23 50 smp/s
ep8 step30850/43940 loss=0.8077 acc=0.698 lr=6.24e-05 gnorm=1.60 50 smp/s
ep8 step30900/43940 loss=0.8433 acc=0.681 lr=6.22e-05 gnorm=13.57 50 smp/s
ep8 step30950/43940 loss=0.7176 acc=0.698 lr=6.19e-05 gnorm=1.80 50 smp/s
ep8 step31000/43940 loss=0.8159 acc=0.674 lr=6.17e-05 gnorm=6.08 50 smp/s
ep8 step31050/43940 loss=0.8151 acc=0.674 lr=6.15e-05 gnorm=1.61 50 smp/s
ep8 step31100/43940 loss=0.9782 acc=0.623 lr=6.12e-05 gnorm=1.78 50 smp/s
ep8 step31150/43940 loss=0.9153 acc=0.650 lr=6.10e-05 gnorm=1.54 50 smp/s
ep8 step31200/43940 loss=0.7656 acc=0.689 lr=6.08e-05 gnorm=2.01 50 smp/s
ep8 step31250/43940 loss=0.9290 acc=0.648 lr=6.05e-05 gnorm=7.93 50 smp/s
ep8 step31300/43940 loss=0.7499 acc=0.698 lr=6.03e-05 gnorm=8.77 50 smp/s
ep8 step31350/43940 loss=0.7965 acc=0.675 lr=6.00e-05 gnorm=2.96 50 smp/s
ep8 step31400/43940 loss=0.8224 acc=0.664 lr=5.98e-05 gnorm=5.32 50 smp/s
ep8 step31450/43940 loss=0.7822 acc=0.677 lr=5.96e-05 gnorm=3.64 50 smp/s
ep8 step31500/43940 loss=0.8009 acc=0.658 lr=5.93e-05 gnorm=10.98 50 smp/s
ep8 step31550/43940 loss=0.8968 acc=0.647 lr=5.91e-05 gnorm=7.56 50 smp/s
ep8 step31600/43940 loss=1.0447 acc=0.598 lr=5.88e-05 gnorm=2.68 50 smp/s
ep8 step31650/43940 loss=0.6882 acc=0.708 lr=5.86e-05 gnorm=1.80 50 smp/s
ep8 step31700/43940 loss=0.9438 acc=0.615 lr=5.84e-05 gnorm=7.21 50 smp/s
ep8 step31750/43940 loss=0.7683 acc=0.684 lr=5.81e-05 gnorm=2.41 50 smp/s
ep8 step31800/43940 loss=0.8270 acc=0.658 lr=5.79e-05 gnorm=1.32 50 smp/s
ep8 step31850/43940 loss=0.8784 acc=0.655 lr=5.77e-05 gnorm=8.78 50 smp/s
ep8 step31900/43940 loss=0.7081 acc=0.700 lr=5.74e-05 gnorm=1.64 50 smp/s
ep8 step31950/43940 loss=0.9191 acc=0.628 lr=5.72e-05 gnorm=5.32 50 smp/s
ep8 step32000/43940 loss=0.7059 acc=0.724 lr=5.69e-05 gnorm=2.88 50 smp/s
[eval @ 32000] WER=0.542 CER=0.259 SER=0.906 loss=0.830 content_acc=0.453 fill_rate=0.421 entropy=0.549 distinct=30
   Full: <s> m i s t e r | q u i l t e r | i s | t h e | a p o s t e | o f | t h e | m i d d l e | c l a s s e s | a n d | w e | a r e | g l a a d | 
   Hyp : mister quilter is the aposte of the middle classes and we are glaad t weecome hi
   Ref : mister quilter is the apostle of the middle classes and we are glad to welcome h
   ** new best WER=0.542 -> best.pt
ep8 step32050/43940 loss=0.8388 acc=0.667 lr=5.67e-05 gnorm=4.55 50 smp/s
ep8 step32100/43940 loss=0.7276 acc=0.693 lr=5.65e-05 gnorm=7.49 50 smp/s
ep8 step32150/43940 loss=0.8718 acc=0.646 lr=5.62e-05 gnorm=1.47 50 smp/s
ep8 step32200/43940 loss=0.8432 acc=0.660 lr=5.60e-05 gnorm=5.55 50 smp/s
ep8 step32250/43940 loss=0.7832 acc=0.669 lr=5.57e-05 gnorm=1.85 50 smp/s
ep8 step32300/43940 loss=0.8703 acc=0.662 lr=5.55e-05 gnorm=3.05 50 smp/s
ep8 step32350/43940 loss=0.8493 acc=0.649 lr=5.53e-05 gnorm=6.88 50 smp/s
ep8 step32400/43940 loss=0.7887 acc=0.685 lr=5.50e-05 gnorm=4.24 50 smp/s
ep8 step32450/43940 loss=0.8315 acc=0.658 lr=5.48e-05 gnorm=4.37 50 smp/s
ep8 step32500/43940 loss=0.7255 acc=0.704 lr=5.46e-05 gnorm=3.13 50 smp/s
ep8 step32550/43940 loss=0.8063 acc=0.665 lr=5.43e-05 gnorm=4.45 50 smp/s
ep8 step32600/43940 loss=0.9864 acc=0.604 lr=5.41e-05 gnorm=6.35 50 smp/s
ep8 step32650/43940 loss=0.8321 acc=0.664 lr=5.38e-05 gnorm=1.59 50 smp/s
ep8 step32700/43940 loss=0.7838 acc=0.671 lr=5.36e-05 gnorm=1.93 50 smp/s
ep8 step32750/43940 loss=0.8104 acc=0.668 lr=5.34e-05 gnorm=4.25 50 smp/s
ep8 step32800/43940 loss=0.7742 acc=0.664 lr=5.31e-05 gnorm=1.91 50 smp/s
ep8 step32850/43940 loss=0.7847 acc=0.691 lr=5.29e-05 gnorm=10.04 50 smp/s
ep8 step32900/43940 loss=0.7920 acc=0.679 lr=5.26e-05 gnorm=2.51 50 smp/s
ep8 step32950/43940 loss=0.8936 acc=0.643 lr=5.24e-05 gnorm=8.00 50 smp/s
ep8 step33000/43940 loss=0.7859 acc=0.674 lr=5.22e-05 gnorm=9.52 50 smp/s
ep8 step33050/43940 loss=0.8835 acc=0.654 lr=5.19e-05 gnorm=2.66 50 smp/s
ep8 step33100/43940 loss=0.7927 acc=0.681 lr=5.17e-05 gnorm=1.70 50 smp/s
ep8 step33150/43940 loss=0.7125 acc=0.707 lr=5.15e-05 gnorm=6.28 50 smp/s
ep8 step33200/43940 loss=0.7779 acc=0.688 lr=5.12e-05 gnorm=1.96 50 smp/s
ep8 step33250/43940 loss=0.8924 acc=0.673 lr=5.10e-05 gnorm=7.75 50 smp/s
ep8 step33300/43940 loss=0.8342 acc=0.660 lr=5.07e-05 gnorm=5.89 50 smp/s
ep8 step33350/43940 loss=0.8074 acc=0.680 lr=5.05e-05 gnorm=4.54 50 smp/s
ep8 step33400/43940 loss=0.6847 acc=0.717 lr=5.03e-05 gnorm=6.74 50 smp/s
ep8 step33450/43940 loss=0.8098 acc=0.657 lr=5.00e-05 gnorm=5.95 50 smp/s
ep8 step33500/43940 loss=0.7143 acc=0.685 lr=4.98e-05 gnorm=7.78 50 smp/s
ep8 step33550/43940 loss=0.8121 acc=0.662 lr=4.95e-05 gnorm=4.79 50 smp/s
ep8 step33600/43940 loss=0.6746 acc=0.720 lr=4.93e-05 gnorm=3.37 50 smp/s
ep8 step33650/43940 loss=0.8856 acc=0.647 lr=4.91e-05 gnorm=10.50 50 smp/s
ep8 step33700/43940 loss=0.8652 acc=0.657 lr=4.88e-05 gnorm=3.36 50 smp/s
ep8 step33750/43940 loss=0.7498 acc=0.692 lr=4.86e-05 gnorm=5.96 50 smp/s
ep8 step33800/43940 loss=0.7912 acc=0.668 lr=4.84e-05 gnorm=4.53 50 smp/s
ep8 step33850/43940 loss=0.8020 acc=0.673 lr=4.81e-05 gnorm=5.71 50 smp/s
ep8 step33900/43940 loss=0.7769 acc=0.685 lr=4.79e-05 gnorm=6.43 50 smp/s
ep8 step33950/43940 loss=0.8424 acc=0.645 lr=4.76e-05 gnorm=5.76 50 smp/s
ep8 step34000/43940 loss=0.7971 acc=0.664 lr=4.74e-05 gnorm=2.93 50 smp/s
[eval @ 34000] WER=0.550 CER=0.270 SER=0.932 loss=1.367 content_acc=0.333 fill_rate=0.429 entropy=0.551 distinct=30
   Full: <s> m i s t e r | q u i l t e r | i s | t h e | a p o t l e | o f | t h e | m i d d l e e c l a s s e s | a n d | w e | a r e | g l a d | t 
   Hyp : mister quilter is the apotle of the middleeclasses and we are glad to welcome hi
   Ref : mister quilter is the apostle of the middle classes and we are glad to welcome h
ep8 step34050/43940 loss=0.7854 acc=0.677 lr=4.72e-05 gnorm=4.67 50 smp/s
ep8 step34100/43940 loss=0.7594 acc=0.693 lr=4.69e-05 gnorm=8.21 50 smp/s
ep8 step34150/43940 loss=0.8148 acc=0.657 lr=4.67e-05 gnorm=2.21 50 smp/s
ep8 step34200/43940 loss=0.8946 acc=0.648 lr=4.64e-05 gnorm=2.06 50 smp/s
ep8 step34250/43940 loss=0.8679 acc=0.652 lr=4.62e-05 gnorm=6.05 50 smp/s
ep8 step34300/43940 loss=0.8214 acc=0.643 lr=4.60e-05 gnorm=2.31 50 smp/s
ep8 step34350/43940 loss=0.8958 acc=0.636 lr=4.57e-05 gnorm=11.58 50 smp/s
ep8 step34400/43940 loss=0.8607 acc=0.646 lr=4.55e-05 gnorm=3.56 50 smp/s
ep8 step34450/43940 loss=0.6673 acc=0.715 lr=4.53e-05 gnorm=5.08 50 smp/s
ep8 step34500/43940 loss=0.8138 acc=0.666 lr=4.50e-05 gnorm=6.90 50 smp/s
ep8 step34550/43940 loss=0.7262 acc=0.709 lr=4.48e-05 gnorm=9.10 50 smp/s
ep8 step34600/43940 loss=0.7562 acc=0.699 lr=4.45e-05 gnorm=5.35 50 smp/s
ep8 step34650/43940 loss=0.9731 acc=0.621 lr=4.43e-05 gnorm=2.45 50 smp/s
ep8 step34700/43940 loss=0.8103 acc=0.666 lr=4.41e-05 gnorm=2.62 50 smp/s
ep8 step34750/43940 loss=0.9280 acc=0.638 lr=4.38e-05 gnorm=9.38 50 smp/s
ep8 step34800/43940 loss=0.8048 acc=0.676 lr=4.36e-05 gnorm=7.23 50 smp/s
ep8 step34850/43940 loss=0.8632 acc=0.660 lr=4.33e-05 gnorm=4.15 50 smp/s
ep8 step34900/43940 loss=0.7957 acc=0.689 lr=4.31e-05 gnorm=7.75 50 smp/s
ep8 step34950/43940 loss=0.8132 acc=0.657 lr=4.29e-05 gnorm=3.00 50 smp/s
ep8 step35000/43940 loss=0.8017 acc=0.656 lr=4.26e-05 gnorm=2.67 50 smp/s
ep8 step35050/43940 loss=0.7596 acc=0.665 lr=4.24e-05 gnorm=10.37 50 smp/s
ep8 step35100/43940 loss=0.8591 acc=0.656 lr=4.22e-05 gnorm=9.06 50 smp/s
ep8 step35150/43940 loss=0.7161 acc=0.692 lr=4.19e-05 gnorm=3.01 50 smp/s
ep9 step35200/43940 loss=0.6309 acc=0.749 lr=4.17e-05 gnorm=2.86 50 smp/s
ep9 step35250/43940 loss=0.7932 acc=0.674 lr=4.14e-05 gnorm=2.29 50 smp/s
ep9 step35300/43940 loss=0.7107 acc=0.701 lr=4.12e-05 gnorm=2.07 50 smp/s
ep9 step35350/43940 loss=0.7389 acc=0.702 lr=4.10e-05 gnorm=2.90 50 smp/s
ep9 step35400/43940 loss=0.8493 acc=0.638 lr=4.07e-05 gnorm=6.99 50 smp/s
ep9 step35450/43940 loss=0.7800 acc=0.670 lr=4.05e-05 gnorm=2.48 50 smp/s
ep9 step35500/43940 loss=0.6839 acc=0.717 lr=4.02e-05 gnorm=2.08 50 smp/s
ep9 step35550/43940 loss=0.8043 acc=0.681 lr=4.00e-05 gnorm=2.02 50 smp/s
ep9 step35600/43940 loss=0.8240 acc=0.685 lr=3.98e-05 gnorm=2.28 50 smp/s
ep9 step35650/43940 loss=0.7619 acc=0.673 lr=3.95e-05 gnorm=7.81 50 smp/s
ep9 step35700/43940 loss=0.7519 acc=0.689 lr=3.93e-05 gnorm=2.37 50 smp/s
ep9 step35750/43940 loss=0.7387 acc=0.681 lr=3.91e-05 gnorm=1.53 50 smp/s
ep9 step35800/43940 loss=0.6878 acc=0.710 lr=3.88e-05 gnorm=2.31 50 smp/s
ep9 step35850/43940 loss=0.6317 acc=0.741 lr=3.86e-05 gnorm=3.77 50 smp/s
ep9 step35900/43940 loss=0.7739 acc=0.684 lr=3.83e-05 gnorm=5.56 50 smp/s
ep9 step35950/43940 loss=0.7788 acc=0.679 lr=3.81e-05 gnorm=1.71 50 smp/s
ep9 step36000/43940 loss=0.7648 acc=0.678 lr=3.79e-05 gnorm=3.93 50 smp/s
[eval @ 36000] WER=0.513 CER=0.237 SER=0.922 loss=1.283 content_acc=0.363 fill_rate=0.426 entropy=0.470 distinct=30
   Full: <s> m i s t e r | q u i l t e r | i s | t h e | a p o t l e | o f | t h e | m i d d l e | c l a s s e s | a n d | w e | r r e | g l d d | t 
   Hyp : mister quilter is the apotle of the middle classes and we rre gldd towweccoe his
   Ref : mister quilter is the apostle of the middle classes and we are glad to welcome h
   ** new best WER=0.513 -> best.pt
ep9 step36050/43940 loss=0.7660 acc=0.685 lr=3.76e-05 gnorm=4.61 50 smp/s
ep9 step36100/43940 loss=0.7316 acc=0.692 lr=3.74e-05 gnorm=1.90 50 smp/s
ep9 step36150/43940 loss=0.6782 acc=0.710 lr=3.71e-05 gnorm=2.63 50 smp/s
ep9 step36200/43940 loss=0.8294 acc=0.658 lr=3.69e-05 gnorm=4.53 50 smp/s
ep9 step36250/43940 loss=0.6802 acc=0.710 lr=3.67e-05 gnorm=1.86 50 smp/s
ep9 step36300/43940 loss=0.8649 acc=0.668 lr=3.64e-05 gnorm=3.71 50 smp/s
ep9 step36350/43940 loss=0.6634 acc=0.716 lr=3.62e-05 gnorm=4.55 50 smp/s
ep9 step36400/43940 loss=0.8588 acc=0.662 lr=3.60e-05 gnorm=2.91 50 smp/s
ep9 step36450/43940 loss=0.7521 acc=0.693 lr=3.57e-05 gnorm=2.62 50 smp/s
ep9 step36500/43940 loss=0.8957 acc=0.647 lr=3.55e-05 gnorm=10.94 50 smp/s
ep9 step36550/43940 loss=0.7210 acc=0.684 lr=3.52e-05 gnorm=2.91 50 smp/s
ep9 step36600/43940 loss=0.7928 acc=0.667 lr=3.50e-05 gnorm=1.69 50 smp/s
ep9 step36650/43940 loss=0.7947 acc=0.672 lr=3.48e-05 gnorm=2.25 50 smp/s
ep9 step36700/43940 loss=0.8006 acc=0.652 lr=3.45e-05 gnorm=1.82 50 smp/s
ep9 step36750/43940 loss=0.7730 acc=0.662 lr=3.43e-05 gnorm=3.76 50 smp/s
ep9 step36800/43940 loss=0.8130 acc=0.686 lr=3.40e-05 gnorm=3.41 50 smp/s
ep9 step36850/43940 loss=0.6638 acc=0.731 lr=3.38e-05 gnorm=2.84 50 smp/s
ep9 step36900/43940 loss=0.6761 acc=0.726 lr=3.36e-05 gnorm=5.44 50 smp/s
ep9 step36950/43940 loss=0.5873 acc=0.757 lr=3.33e-05 gnorm=3.64 50 smp/s
ep9 step37000/43940 loss=0.7046 acc=0.707 lr=3.31e-05 gnorm=1.78 50 smp/s
ep9 step37050/43940 loss=0.6708 acc=0.708 lr=3.29e-05 gnorm=2.11 50 smp/s
ep9 step37100/43940 loss=0.7327 acc=0.705 lr=3.26e-05 gnorm=1.70 50 smp/s
ep9 step37150/43940 loss=0.8144 acc=0.675 lr=3.24e-05 gnorm=2.02 50 smp/s
ep9 step37200/43940 loss=0.7814 acc=0.686 lr=3.21e-05 gnorm=2.19 50 smp/s
ep9 step37250/43940 loss=0.7237 acc=0.700 lr=3.19e-05 gnorm=1.85 50 smp/s
ep9 step37300/43940 loss=0.7631 acc=0.661 lr=3.17e-05 gnorm=2.22 50 smp/s
ep9 step37350/43940 loss=0.7791 acc=0.686 lr=3.14e-05 gnorm=2.35 50 smp/s
ep9 step37400/43940 loss=0.8375 acc=0.675 lr=3.12e-05 gnorm=8.99 50 smp/s
ep9 step37450/43940 loss=0.7306 acc=0.691 lr=3.09e-05 gnorm=3.08 50 smp/s
ep9 step37500/43940 loss=0.8482 acc=0.650 lr=3.07e-05 gnorm=3.45 50 smp/s
ep9 step37550/43940 loss=0.7563 acc=0.718 lr=3.05e-05 gnorm=3.47 50 smp/s
ep9 step37600/43940 loss=0.6426 acc=0.728 lr=3.02e-05 gnorm=10.78 50 smp/s
ep9 step37650/43940 loss=0.7376 acc=0.691 lr=3.00e-05 gnorm=2.04 50 smp/s
ep9 step37700/43940 loss=0.5903 acc=0.741 lr=2.98e-05 gnorm=3.35 50 smp/s
ep9 step37750/43940 loss=0.9210 acc=0.649 lr=2.95e-05 gnorm=2.32 50 smp/s
ep9 step37800/43940 loss=0.6721 acc=0.700 lr=2.93e-05 gnorm=7.67 50 smp/s
ep9 step37850/43940 loss=0.8069 acc=0.657 lr=2.90e-05 gnorm=10.85 50 smp/s
ep9 step37900/43940 loss=0.5870 acc=0.761 lr=2.88e-05 gnorm=4.69 50 smp/s
ep9 step37950/43940 loss=0.7430 acc=0.681 lr=2.86e-05 gnorm=9.84 50 smp/s
ep9 step38000/43940 loss=0.8294 acc=0.665 lr=2.83e-05 gnorm=2.31 50 smp/s
[eval @ 38000] WER=0.462 CER=0.215 SER=0.932 loss=1.205 content_acc=0.385 fill_rate=0.424 entropy=0.456 distinct=30
   Full: <s> m i s t e r | q u i l t e r | i s | t h e | a p o s t l | o f | t h e | m i d d l e | c l a s s e s | a n d | w e | a r e | g l a d | t 
   Hyp : mister quilter is the apostl of the middle classes and we are glad to welcome hi
   Ref : mister quilter is the apostle of the middle classes and we are glad to welcome h
   ** new best WER=0.462 -> best.pt
ep9 step38050/43940 loss=0.7869 acc=0.679 lr=2.81e-05 gnorm=2.03 50 smp/s
ep9 step38100/43940 loss=0.7142 acc=0.703 lr=2.78e-05 gnorm=1.67 50 smp/s
ep9 step38150/43940 loss=0.6287 acc=0.740 lr=2.76e-05 gnorm=4.18 50 smp/s
ep9 step38200/43940 loss=0.7838 acc=0.689 lr=2.74e-05 gnorm=3.62 50 smp/s
ep9 step38250/43940 loss=0.8268 acc=0.710 lr=2.71e-05 gnorm=2.03 50 smp/s
ep9 step38300/43940 loss=0.8634 acc=0.642 lr=2.69e-05 gnorm=2.73 50 smp/s
ep9 step38350/43940 loss=0.8240 acc=0.671 lr=2.67e-05 gnorm=4.24 50 smp/s
ep9 step38400/43940 loss=0.8621 acc=0.682 lr=2.64e-05 gnorm=2.67 50 smp/s
ep9 step38450/43940 loss=0.7624 acc=0.672 lr=2.62e-05 gnorm=8.17 50 smp/s
ep9 step38500/43940 loss=0.8302 acc=0.649 lr=2.59e-05 gnorm=4.94 50 smp/s
ep9 step38550/43940 loss=0.7018 acc=0.706 lr=2.57e-05 gnorm=3.65 50 smp/s
ep9 step38600/43940 loss=0.6915 acc=0.700 lr=2.55e-05 gnorm=2.09 50 smp/s
ep9 step38650/43940 loss=0.6478 acc=0.736 lr=2.52e-05 gnorm=2.20 50 smp/s
ep9 step38700/43940 loss=0.6773 acc=0.713 lr=2.50e-05 gnorm=2.58 50 smp/s
ep9 step38750/43940 loss=0.7335 acc=0.703 lr=2.47e-05 gnorm=4.09 50 smp/s
ep9 step38800/43940 loss=0.8970 acc=0.656 lr=2.45e-05 gnorm=1.87 50 smp/s
ep9 step38850/43940 loss=0.7716 acc=0.679 lr=2.43e-05 gnorm=3.07 50 smp/s
ep9 step38900/43940 loss=0.6927 acc=0.711 lr=2.40e-05 gnorm=2.42 50 smp/s
ep9 step38950/43940 loss=0.6675 acc=0.718 lr=2.38e-05 gnorm=2.71 50 smp/s
ep9 step39000/43940 loss=0.6555 acc=0.739 lr=2.36e-05 gnorm=2.37 50 smp/s
ep9 step39050/43940 loss=0.7086 acc=0.717 lr=2.33e-05 gnorm=5.02 50 smp/s
ep9 step39100/43940 loss=0.6682 acc=0.736 lr=2.31e-05 gnorm=2.20 50 smp/s
ep9 step39150/43940 loss=0.6974 acc=0.709 lr=2.28e-05 gnorm=3.12 50 smp/s
ep9 step39200/43940 loss=0.7353 acc=0.711 lr=2.26e-05 gnorm=5.39 50 smp/s
ep9 step39250/43940 loss=0.6444 acc=0.719 lr=2.24e-05 gnorm=2.66 50 smp/s
ep9 step39300/43940 loss=0.7822 acc=0.682 lr=2.21e-05 gnorm=5.86 50 smp/s
ep9 step39350/43940 loss=0.8935 acc=0.688 lr=2.19e-05 gnorm=1.82 50 smp/s
ep9 step39400/43940 loss=0.7874 acc=0.695 lr=2.16e-05 gnorm=6.71 50 smp/s
ep9 step39450/43940 loss=0.8379 acc=0.675 lr=2.14e-05 gnorm=2.53 50 smp/s
ep9 step39500/43940 loss=0.7432 acc=0.682 lr=2.12e-05 gnorm=4.16 50 smp/s
ep10 step39550/43940 loss=0.6878 acc=0.723 lr=2.09e-05 gnorm=7.03 50 smp/s
ep10 step39600/43940 loss=0.6459 acc=0.721 lr=2.07e-05 gnorm=2.16 50 smp/s
ep10 step39650/43940 loss=0.8211 acc=0.676 lr=2.05e-05 gnorm=4.22 50 smp/s
ep10 step39700/43940 loss=0.7548 acc=0.703 lr=2.02e-05 gnorm=2.18 50 smp/s
ep10 step39750/43940 loss=0.8517 acc=0.661 lr=2.00e-05 gnorm=1.80 50 smp/s
ep10 step39800/43940 loss=0.7034 acc=0.709 lr=1.97e-05 gnorm=4.50 50 smp/s
ep10 step39850/43940 loss=0.6037 acc=0.749 lr=1.95e-05 gnorm=2.82 50 smp/s
ep10 step39900/43940 loss=0.6567 acc=0.733 lr=1.93e-05 gnorm=1.69 50 smp/s
ep10 step39950/43940 loss=0.8728 acc=0.664 lr=1.90e-05 gnorm=2.50 50 smp/s
ep10 step40000/43940 loss=0.7467 acc=0.691 lr=1.88e-05 gnorm=2.97 50 smp/s
[eval @ 40000] WER=0.436 CER=0.209 SER=0.880 loss=1.215 content_acc=0.408 fill_rate=0.424 entropy=0.436 distinct=30
   Full: <s> m i s t e r | q u i l t e r | i s | t h e | a p o s t l e | o f | t h e | m i d l e e c l a s s e s | a n d | w e | a r e | g l a d | t 
   Hyp : mister quilter is the apostle of the midleeclasses and we are glad to welcome hi
   Ref : mister quilter is the apostle of the middle classes and we are glad to welcome h
   ** new best WER=0.436 -> best.pt
ep10 step40050/43940 loss=0.7136 acc=0.706 lr=1.86e-05 gnorm=4.89 50 smp/s
ep10 step40100/43940 loss=0.7714 acc=0.706 lr=1.83e-05 gnorm=1.97 50 smp/s
ep10 step40150/43940 loss=0.8526 acc=0.657 lr=1.81e-05 gnorm=8.32 50 smp/s
ep10 step40200/43940 loss=0.7000 acc=0.690 lr=1.78e-05 gnorm=5.11 50 smp/s
ep10 step40250/43940 loss=0.6869 acc=0.703 lr=1.76e-05 gnorm=3.32 50 smp/s
ep10 step40300/43940 loss=0.6310 acc=0.729 lr=1.74e-05 gnorm=3.22 50 smp/s
ep10 step40350/43940 loss=0.6619 acc=0.717 lr=1.71e-05 gnorm=1.87 50 smp/s
ep10 step40400/43940 loss=0.6135 acc=0.733 lr=1.69e-05 gnorm=2.64 50 smp/s
ep10 step40450/43940 loss=0.6900 acc=0.721 lr=1.66e-05 gnorm=1.87 50 smp/s
ep10 step40500/43940 loss=0.7925 acc=0.685 lr=1.64e-05 gnorm=2.17 50 smp/s
ep10 step40550/43940 loss=0.7631 acc=0.709 lr=1.62e-05 gnorm=5.89 50 smp/s
ep10 step40600/43940 loss=0.6367 acc=0.740 lr=1.59e-05 gnorm=4.44 50 smp/s
ep10 step40650/43940 loss=0.7385 acc=0.685 lr=1.57e-05 gnorm=5.06 50 smp/s
ep10 step40700/43940 loss=0.8427 acc=0.656 lr=1.55e-05 gnorm=2.53 50 smp/s
ep10 step40750/43940 loss=0.8192 acc=0.696 lr=1.52e-05 gnorm=5.17 50 smp/s
ep10 step40800/43940 loss=0.6819 acc=0.713 lr=1.50e-05 gnorm=2.05 50 smp/s
ep10 step40850/43940 loss=0.5073 acc=0.791 lr=1.47e-05 gnorm=8.56 50 smp/s
ep10 step40900/43940 loss=0.7521 acc=0.712 lr=1.45e-05 gnorm=1.83 50 smp/s
ep10 step40950/43940 loss=0.6858 acc=0.728 lr=1.43e-05 gnorm=1.95 50 smp/s
ep10 step41000/43940 loss=0.7354 acc=0.707 lr=1.40e-05 gnorm=2.13 50 smp/s
ep10 step41050/43940 loss=0.6826 acc=0.714 lr=1.38e-05 gnorm=6.40 50 smp/s
ep10 step41100/43940 loss=0.6908 acc=0.705 lr=1.35e-05 gnorm=2.50 50 smp/s
ep10 step41150/43940 loss=0.7224 acc=0.680 lr=1.33e-05 gnorm=2.45 50 smp/s
ep10 step41200/43940 loss=0.6611 acc=0.709 lr=1.31e-05 gnorm=4.21 50 smp/s
ep10 step41250/43940 loss=0.7806 acc=0.687 lr=1.28e-05 gnorm=4.95 50 smp/s
ep10 step41300/43940 loss=0.6195 acc=0.735 lr=1.26e-05 gnorm=3.20 50 smp/s
ep10 step41350/43940 loss=0.6553 acc=0.700 lr=1.24e-05 gnorm=8.14 50 smp/s
ep10 step41400/43940 loss=0.6552 acc=0.710 lr=1.21e-05 gnorm=2.47 50 smp/s
ep10 step41450/43940 loss=0.6679 acc=0.729 lr=1.19e-05 gnorm=2.01 50 smp/s
ep10 step41500/43940 loss=0.6566 acc=0.723 lr=1.16e-05 gnorm=2.01 50 smp/s
ep10 step41550/43940 loss=0.6826 acc=0.732 lr=1.14e-05 gnorm=1.99 50 smp/s
ep10 step41600/43940 loss=0.6739 acc=0.708 lr=1.12e-05 gnorm=1.92 50 smp/s
ep10 step41650/43940 loss=0.6521 acc=0.730 lr=1.09e-05 gnorm=3.58 50 smp/s
ep10 step41700/43940 loss=0.7926 acc=0.712 lr=1.07e-05 gnorm=5.76 50 smp/s
ep10 step41750/43940 loss=0.7748 acc=0.668 lr=1.04e-05 gnorm=7.86 50 smp/s
ep10 step41800/43940 loss=0.7261 acc=0.712 lr=1.02e-05 gnorm=4.93 50 smp/s
ep10 step41850/43940 loss=0.8143 acc=0.705 lr=9.97e-06 gnorm=4.08 50 smp/s
ep10 step41900/43940 loss=0.7115 acc=0.704 lr=9.73e-06 gnorm=3.65 50 smp/s
ep10 step41950/43940 loss=0.6131 acc=0.728 lr=9.49e-06 gnorm=2.22 50 smp/s
ep10 step42000/43940 loss=0.8943 acc=0.633 lr=9.25e-06 gnorm=4.62 50 smp/s
[eval @ 42000] WER=0.453 CER=0.204 SER=0.900 loss=1.412 content_acc=0.377 fill_rate=0.425 entropy=0.417 distinct=30
   Full: <s> m i s t e r | q u i l t e r | i s | t h e | a p o s t l e | o f | t h | | m d d l e e c l a s s e s | a n d | w e | a r e | g l a d | t 
   Hyp : mister quilter is the apostle of th  mddleeclasses and we are glad to welcome hi
   Ref : mister quilter is the apostle of the middle classes and we are glad to welcome h
ep10 step42050/43940 loss=0.6113 acc=0.747 lr=9.01e-06 gnorm=2.15 50 smp/s
ep10 step42100/43940 loss=0.6222 acc=0.743 lr=8.77e-06 gnorm=1.94 50 smp/s
ep10 step42150/43940 loss=0.6855 acc=0.711 lr=8.54e-06 gnorm=2.05 50 smp/s
ep10 step42200/43940 loss=0.7337 acc=0.703 lr=8.30e-06 gnorm=2.33 50 smp/s
ep10 step42250/43940 loss=0.8118 acc=0.692 lr=8.06e-06 gnorm=6.08 50 smp/s
ep10 step42300/43940 loss=0.6426 acc=0.731 lr=7.82e-06 gnorm=2.76 50 smp/s
ep10 step42350/43940 loss=0.6432 acc=0.735 lr=7.58e-06 gnorm=2.04 50 smp/s
ep10 step42400/43940 loss=0.7373 acc=0.711 lr=7.34e-06 gnorm=3.88 50 smp/s
ep10 step42450/43940 loss=0.6023 acc=0.754 lr=7.11e-06 gnorm=2.75 50 smp/s
ep10 step42500/43940 loss=0.6173 acc=0.752 lr=6.87e-06 gnorm=2.30 50 smp/s
ep10 step42550/43940 loss=0.6002 acc=0.754 lr=6.63e-06 gnorm=4.13 50 smp/s
ep10 step42600/43940 loss=0.7489 acc=0.686 lr=6.39e-06 gnorm=7.08 50 smp/s
ep10 step42650/43940 loss=0.7633 acc=0.690 lr=6.15e-06 gnorm=2.68 50 smp/s
ep10 step42700/43940 loss=0.6219 acc=0.746 lr=5.91e-06 gnorm=3.64 50 smp/s
ep10 step42750/43940 loss=0.6595 acc=0.737 lr=5.67e-06 gnorm=3.36 50 smp/s
ep10 step42800/43940 loss=0.7130 acc=0.708 lr=5.44e-06 gnorm=3.39 50 smp/s
ep10 step42850/43940 loss=0.6432 acc=0.720 lr=5.20e-06 gnorm=3.05 50 smp/s
ep10 step42900/43940 loss=0.6578 acc=0.716 lr=4.96e-06 gnorm=5.17 50 smp/s
ep10 step42950/43940 loss=0.6772 acc=0.714 lr=4.72e-06 gnorm=2.31 50 smp/s
ep10 step43000/43940 loss=0.6598 acc=0.738 lr=4.48e-06 gnorm=3.56 50 smp/s
ep10 step43050/43940 loss=0.6749 acc=0.705 lr=4.24e-06 gnorm=2.17 50 smp/s
ep10 step43100/43940 loss=0.7286 acc=0.718 lr=4.01e-06 gnorm=2.45 50 smp/s
ep10 step43150/43940 loss=0.6801 acc=0.706 lr=3.77e-06 gnorm=2.36 50 smp/s
ep10 step43200/43940 loss=0.7779 acc=0.710 lr=3.53e-06 gnorm=3.44 50 smp/s
ep10 step43250/43940 loss=0.6349 acc=0.735 lr=3.29e-06 gnorm=2.01 50 smp/s
ep10 step43300/43940 loss=0.7928 acc=0.677 lr=3.05e-06 gnorm=2.41 50 smp/s
ep10 step43350/43940 loss=0.7606 acc=0.667 lr=2.81e-06 gnorm=2.35 50 smp/s
ep10 step43400/43940 loss=0.7912 acc=0.666 lr=2.58e-06 gnorm=3.91 50 smp/s
ep10 step43450/43940 loss=0.7404 acc=0.711 lr=2.34e-06 gnorm=2.46 50 smp/s
ep10 step43500/43940 loss=0.7830 acc=0.686 lr=2.10e-06 gnorm=2.62 50 smp/s
ep10 step43550/43940 loss=0.7125 acc=0.732 lr=1.86e-06 gnorm=5.67 50 smp/s
ep10 step43600/43940 loss=0.7554 acc=0.675 lr=1.62e-06 gnorm=2.28 50 smp/s
ep10 step43650/43940 loss=0.6853 acc=0.732 lr=1.38e-06 gnorm=4.05 50 smp/s
ep10 step43700/43940 loss=0.8362 acc=0.707 lr=1.14e-06 gnorm=2.60 50 smp/s
ep10 step43750/43940 loss=0.6039 acc=0.748 lr=9.06e-07 gnorm=1.88 50 smp/s
ep10 step43800/43940 loss=0.7047 acc=0.713 lr=6.68e-07 gnorm=2.24 50 smp/s
ep10 step43850/43940 loss=0.7185 acc=0.708 lr=4.29e-07 gnorm=2.42 50 smp/s
ep10 step43900/43940 loss=0.5689 acc=0.763 lr=1.91e-07 gnorm=2.15 50 smp/s
[eval @ 43940] WER=0.429 CER=0.197 SER=0.884 loss=1.359 content_acc=0.393 fill_rate=0.424 entropy=0.395 distinct=30
   Full: <s> m i s t e r | q u i l t e r | i s | t h e | a p o s t l e | o f | t h e | m i d l e e c l a s s e s | a n d | w e | a r e | g l a d | t 
   Hyp : mister quilter is the apostle of the midleeclasses and we are glad to welcome hi
   Ref : mister quilter is the apostle of the middle classes and we are glad to welcome h
   ** new best WER=0.429 -> best.pt
wandb: uploading history steps 878-878, summary, console lines 988-992; updating run metadata
wandb: uploading wandb-summary.json; uploading config.yaml; uploading output.log
wandb: uploading config.yaml; uploading output.log
wandb: uploading output.log
wandb: uploading history steps 879-879, summary
wandb: 
wandb: Run history:
wandb:                        epoch ▁▁▁▁▁▂▂▂▂▂▂▂▂▃▃▃▃▃▃▃▄▄▅▅▅▅▅▆▆▆▆▆▇▇▇█████
wandb:                     eval/CER █▂▁▁▁▁▁▁▁▁▁▁▁▁▁▁▁▁▁▁▁▁▁
wandb:                     eval/SER ███████▇▇▆▇▅▅▅▄▆▃▄▃▄▁▂▁
wandb:                     eval/WER █▇▇▆▆▆▆▅▅▄▅▄▄▃▃▃▂▂▂▁▁▁▁
wandb:       eval/content_frame_acc ▁▄▅▅▅▇▄▆▆█▇▆███▅▇▆▆▆▇▆▆
wandb: eval/distinct_nonfill_tokens █▁▁████████████████████
wandb:          eval/fill_frame_acc ▁██████████████████████
wandb:          eval/fill_pred_rate ▁████████▇██▇▇▇█▇█▇▇▇▇▇
wandb:        eval/graded_frame_acc ▁▆▇▇▇▇▇▇▇█▇▇███▇█▇▇▇▇▇▇
wandb:                    eval/loss █▃▂▂▂▁▃▂▂▁▂▂▁▁▁▃▁▂▂▂▂▃▂
wandb:                           +6 ...
wandb: 
wandb: Run summary:
wandb:                        epoch 10
wandb:                     eval/CER 0.19723
wandb:                     eval/SER 0.884
wandb:                     eval/WER 0.42859
wandb:       eval/content_frame_acc 0.39311
wandb: eval/distinct_nonfill_tokens 30
wandb:          eval/fill_frame_acc 0.99981
wandb:          eval/fill_pred_rate 0.42394
wandb:        eval/graded_frame_acc 0.64008
wandb:                    eval/loss 1.35851
wandb:                           +6 ...
wandb: 
wandb: 🚀 View run full960_sa_pe_lmhead_PE_hubert-xlarge-ls960-ft at: https://wandb.ai/tomjrlaishram-iit-madras/filler_asr/runs/shykyjzw
wandb: ⭐️ View project at: https://wandb.ai/tomjrlaishram-iit-madras/filler_asr
wandb: Synced 5 W&B file(s), 23 media file(s), 46 artifact file(s) and 0 other file(s)
wandb: Find logs at: ./wandb/run-20260626_173527-shykyjzw/logs
DONE
