[run] env=/speech/abhishek/miniconda3/envs/indic-nar-filler_asr GPUs=6,7,8,9 (n=4)  eff_batch=256  out=/speech/abhishek/indic-nar-filler_asr/runs/kn_en_d2vaqcKN_sa8_ACMLM_alibi_fps50_fw003_exp
[run] encoder=/speech/abhishek/kannada_data/encoders/SPRING_INX_data2vec_aqc_Kannada.pt
W0917 12:53:05.775000 139353190741056 torch/distributed/run.py:779] 
W0917 12:53:05.775000 139353190741056 torch/distributed/run.py:779] *****************************************
W0917 12:53:05.775000 139353190741056 torch/distributed/run.py:779] Setting OMP_NUM_THREADS environment variable for each process to be 1 in default, to avoid your system being overloaded, please further tune the variable for optimal performance in your application as needed. 
W0917 12:53:05.775000 139353190741056 torch/distributed/run.py:779] *****************************************
[W917 12:53:09.131966358 CUDAAllocatorConfig.h:28] Warning: expandable_segments not supported on this platform (function operator())
[W917 12:53:10.733677290 CUDAAllocatorConfig.h:28] Warning: expandable_segments not supported on this platform (function operator())
[W917 12:53:10.737659689 CUDAAllocatorConfig.h:28] Warning: expandable_segments not supported on this platform (function operator())
[W917 12:53:10.747018745 CUDAAllocatorConfig.h:28] Warning: expandable_segments not supported on this platform (function operator())
INFO:Data2VecAQCEncoder:[data2vec_aqc] ckpt:             /speech/abhishek/kannada_data/encoders/SPRING_INX_data2vec_aqc_Kannada.pt
INFO:Data2VecAQCEncoder:[data2vec_aqc] outer _name:      wav2vec_ctc  (CTC fine-tuned)
INFO:Data2VecAQCEncoder:[data2vec_aqc] inner _name:      data2vec_audio
INFO:Data2VecAQCEncoder:[data2vec_aqc] layer_norm_first: False
INFO:Data2VecAQCEncoder:[data2vec_aqc] tgt_layer:        None (None=run all blocks)
INFO:Data2VecAQCEncoder:[data2vec_aqc] dropped outside w2v_model.*: ['w2v_encoder.proj.bias', 'w2v_encoder.proj.weight']
INFO:Data2VecAQCEncoder:[data2vec_aqc] dropped INSIDE body (AQC extras): ['contr_proj.bias', 'contr_proj.weight', 'project_q.bias', 'project_q.weight', 'quantizer.vars', 'quantizer.weight_proj.bias', 'quantizer.weight_proj.weight']
INFO:Data2VecAQCEncoder:[data2vec_aqc] missing keys (expect empty/pretraining-only): []
INFO:Data2VecAQCEncoder:[data2vec_aqc] ckpt:             /speech/abhishek/kannada_data/encoders/SPRING_INX_data2vec_aqc_Kannada.pt
INFO:Data2VecAQCEncoder:[data2vec_aqc] outer _name:      wav2vec_ctc  (CTC fine-tuned)
INFO:Data2VecAQCEncoder:[data2vec_aqc] inner _name:      data2vec_audio
INFO:Data2VecAQCEncoder:[data2vec_aqc] layer_norm_first: False
INFO:Data2VecAQCEncoder:[data2vec_aqc] tgt_layer:        None (None=run all blocks)
INFO:Data2VecAQCEncoder:[data2vec_aqc] dropped outside w2v_model.*: ['w2v_encoder.proj.bias', 'w2v_encoder.proj.weight']
INFO:Data2VecAQCEncoder:[data2vec_aqc] dropped INSIDE body (AQC extras): ['contr_proj.bias', 'contr_proj.weight', 'project_q.bias', 'project_q.weight', 'quantizer.vars', 'quantizer.weight_proj.bias', 'quantizer.weight_proj.weight']
INFO:Data2VecAQCEncoder:[data2vec_aqc] missing keys (expect empty/pretraining-only): []
INFO:Data2VecAQCEncoder:[data2vec_aqc] ckpt:             /speech/abhishek/kannada_data/encoders/SPRING_INX_data2vec_aqc_Kannada.pt
INFO:Data2VecAQCEncoder:[data2vec_aqc] outer _name:      wav2vec_ctc  (CTC fine-tuned)
INFO:Data2VecAQCEncoder:[data2vec_aqc] inner _name:      data2vec_audio
INFO:Data2VecAQCEncoder:[data2vec_aqc] layer_norm_first: False
INFO:Data2VecAQCEncoder:[data2vec_aqc] tgt_layer:        None (None=run all blocks)
INFO:Data2VecAQCEncoder:[data2vec_aqc] dropped outside w2v_model.*: ['w2v_encoder.proj.bias', 'w2v_encoder.proj.weight']
INFO:Data2VecAQCEncoder:[data2vec_aqc] dropped INSIDE body (AQC extras): ['contr_proj.bias', 'contr_proj.weight', 'project_q.bias', 'project_q.weight', 'quantizer.vars', 'quantizer.weight_proj.bias', 'quantizer.weight_proj.weight']
INFO:Data2VecAQCEncoder:[data2vec_aqc] missing keys (expect empty/pretraining-only): []
INFO:Data2VecAQCEncoder:[data2vec_aqc] ckpt:             /speech/abhishek/kannada_data/encoders/SPRING_INX_data2vec_aqc_Kannada.pt
INFO:Data2VecAQCEncoder:[data2vec_aqc] outer _name:      wav2vec_ctc  (CTC fine-tuned)
INFO:Data2VecAQCEncoder:[data2vec_aqc] inner _name:      data2vec_audio
INFO:Data2VecAQCEncoder:[data2vec_aqc] layer_norm_first: False
INFO:Data2VecAQCEncoder:[data2vec_aqc] tgt_layer:        None (None=run all blocks)
INFO:Data2VecAQCEncoder:[data2vec_aqc] dropped outside w2v_model.*: ['w2v_encoder.proj.bias', 'w2v_encoder.proj.weight']
INFO:Data2VecAQCEncoder:[data2vec_aqc] dropped INSIDE body (AQC extras): ['contr_proj.bias', 'contr_proj.weight', 'project_q.bias', 'project_q.weight', 'quantizer.vars', 'quantizer.weight_proj.bias', 'quantizer.weight_proj.weight']
INFO:Data2VecAQCEncoder:[data2vec_aqc] missing keys (expect empty/pretraining-only): []
/speech/abhishek/indic-nar-filler_asr/train.py:109: FutureWarning: You are using `torch.load` with `weights_only=False` (the current default value), which uses the default pickle module implicitly. It is possible to construct malicious pickle data which will execute arbitrary code during unpickling (See https://github.com/pytorch/pytorch/blob/main/SECURITY.md#untrusted-models for more details). In a future release, the default value for `weights_only` will be flipped to `True`. This limits the functions that could be executed during unpickling. Arbitrary objects will no longer be allowed to be loaded via this mode unless they are explicitly allowlisted by the user via `torch.serialization.add_safe_globals`. We recommend you start setting `weights_only=True` for any use case where you don't have full control of the loaded file. Please open an issue on GitHub for any issues related to this experimental feature.
  ck = torch.load(path, map_location="cpu")
/speech/abhishek/indic-nar-filler_asr/train.py:109: FutureWarning: You are using `torch.load` with `weights_only=False` (the current default value), which uses the default pickle module implicitly. It is possible to construct malicious pickle data which will execute arbitrary code during unpickling (See https://github.com/pytorch/pytorch/blob/main/SECURITY.md#untrusted-models for more details). In a future release, the default value for `weights_only` will be flipped to `True`. This limits the functions that could be executed during unpickling. Arbitrary objects will no longer be allowed to be loaded via this mode unless they are explicitly allowlisted by the user via `torch.serialization.add_safe_globals`. We recommend you start setting `weights_only=True` for any use case where you don't have full control of the loaded file. Please open an issue on GitHub for any issues related to this experimental feature.
  ck = torch.load(path, map_location="cpu")
/speech/abhishek/indic-nar-filler_asr/train.py:109: FutureWarning: You are using `torch.load` with `weights_only=False` (the current default value), which uses the default pickle module implicitly. It is possible to construct malicious pickle data which will execute arbitrary code during unpickling (See https://github.com/pytorch/pytorch/blob/main/SECURITY.md#untrusted-models for more details). In a future release, the default value for `weights_only` will be flipped to `True`. This limits the functions that could be executed during unpickling. Arbitrary objects will no longer be allowed to be loaded via this mode unless they are explicitly allowlisted by the user via `torch.serialization.add_safe_globals`. We recommend you start setting `weights_only=True` for any use case where you don't have full control of the loaded file. Please open an issue on GitHub for any issues related to this experimental feature.
  ck = torch.load(path, map_location="cpu")
/speech/abhishek/indic-nar-filler_asr/train.py:109: FutureWarning: You are using `torch.load` with `weights_only=False` (the current default value), which uses the default pickle module implicitly. It is possible to construct malicious pickle data which will execute arbitrary code during unpickling (See https://github.com/pytorch/pytorch/blob/main/SECURITY.md#untrusted-models for more details). In a future release, the default value for `weights_only` will be flipped to `True`. This limits the functions that could be executed during unpickling. Arbitrary objects will no longer be allowed to be loaded via this mode unless they are explicitly allowlisted by the user via `torch.serialization.add_safe_globals`. We recommend you start setting `weights_only=True` for any use case where you don't have full control of the loaded file. Please open an issue on GitHub for any issues related to this experimental feature.
  ck = torch.load(path, map_location="cpu")
[resume] constant LR pinned to 2.00e-06
[resume] from /speech/abhishek/indic-nar-filler_asr/runs/kn_en_d2vaqcKN_sa8_ACMLM_alibi_fps50_fw003_exp/best_ep15.pt: step=28020 -> epoch=16 (skip 0 micro-batches) best_val=0.5689
[wandb] resuming run id 06tgvd3w
DEBUG:asyncio:Using selector: EpollSelector
DEBUG:git.cmd:Popen(['git', 'version'], cwd=/speech/abhishek/indic-nar-filler_asr, stdin=None, shell=False, universal_newlines=False)
DEBUG:git.cmd:Popen(['git', 'version'], cwd=/speech/abhishek/indic-nar-filler_asr, stdin=None, shell=False, universal_newlines=False)
DEBUG:git.util:sys.platform='linux', git_executable='git'
wandb: [wandb.login()] Loaded credentials for https://api.wandb.ai from /speech/abhishek/.netrc.
DEBUG:urllib3.connectionpool:Starting new HTTPS connection (1): api.wandb.ai:443
DEBUG:urllib3.connectionpool:https://api.wandb.ai:443 "POST /graphql HTTP/1.1" 200 380
wandb: Currently logged in as: abhisingh964800 (abhisingh964800-iit-madras-foundation) to https://api.wandb.ai. Use `wandb login --relogin` to force relogin
DEBUG:git.util:sys.platform='linux', git_executable='git'
wandb: setting up run 06tgvd3w
wandb: Tracking run with wandb version 0.27.0
wandb: Run data is saved locally in /speech/abhishek/indic-nar-filler_asr/wandb/run-20260917_125330-06tgvd3w
wandb: Run `wandb offline` to turn off syncing.
wandb: Resuming run kn_en_d2vaqcKN_sa8_ACMLM_alibi_fps50_fw003_exp
wandb: ⭐️ View project at https://wandb.ai/abhisingh964800-iit-madras-foundation/indic_nar_kn_en
wandb: 🚀 View run at https://wandb.ai/abhisingh964800-iit-madras-foundation/indic_nar_kn_en/runs/06tgvd3w
wandb run: https://wandb.ai/abhisingh964800-iit-madras-foundation/indic_nar_kn_en/runs/06tgvd3w
[setup] world=4 train=478302 dev=500 trainable=100.97M pos_mode=alibi PE=True sa_layers=8 fps=50 sched=constant mask=0.2-0.3x10 eff_batch=256 steps/epoch=1868 total_steps=140100
[log] config=/speech/abhishek/indic-nar-filler_asr/log_config.json disabled=none
/speech/abhishek/indic-nar-filler_asr/deps/fairseq/examples/data2vec/models/data2vec_audio.py:190: FutureWarning: Positional args are being deprecated, use kwargs instead. Refer to https://pytorch.org/docs/main/generated/torch.nn.Module.html#torch.nn.Module.state_dict for details.
  state = super().state_dict(destination, prefix, keep_vars)
[ckpt-audit] checkpoint will save 100 trainable tensors / 100.97M params  (hubert tensors included=0)
[select] best.pt = argmin eval/iter_WER; other metrics are diagnostics only
[data-audit] ACMLM transform, 1 train clip: T=656 graded(masked)_slots=371
   frame:input[->CEtarget], first 24/656  (<mask>=input hole; -> = supervised slot)
   0:<s> 1:<mask>->ನ 2:<mask>->ಿ 3:ರ 4:ು 5:ದ 6:<mask>->್ 7:ಯ 8:ೋ 9:<mask>->ಗ 10:<mask>->| 11:ಸ 12:ಮ 13:<mask>->ಸ 14:್ 15:ಸ 16:ೆ 17:<mask>->| 18:<mask>->ಬ 19:<mask>->ಗ 20:<mask>->್ 21:<mask>->ಗ 22:ೆ 23:|
[frozen-audit] after model.train(): hubert.training=False hubert_trainable_tensors=0  (expect False / 0 -> no layerdrop, no dropout, deterministic tap)
ep16 step28025/140100 loss=0.8683 acc=0.884 lr=2.00e-06 gnorm=2.99 135 smp/s
wandb: WARNING Tried to log to step 28025 that is less than the current step 37651. Steps must be monotonically increasing, so this data will be ignored. See https://wandb.me/define-metric to log data out of order.
ep16 step28050/140100 loss=0.7886 acc=0.951 lr=2.00e-06 gnorm=3.10 161 smp/s
wandb: WARNING Tried to log to step 28050 that is less than the current step 37651. Steps must be monotonically increasing, so this data will be ignored. See https://wandb.me/define-metric to log data out of order.
ep16 step28075/140100 loss=1.0508 acc=0.921 lr=2.00e-06 gnorm=1.53 162 smp/s
wandb: WARNING Tried to log to step 28075 that is less than the current step 37651. Steps must be monotonically increasing, so this data will be ignored. See https://wandb.me/define-metric to log data out of order.
ep16 step28100/140100 loss=0.9838 acc=0.895 lr=2.00e-06 gnorm=2.76 163 smp/s
wandb: WARNING Tried to log to step 28100 that is less than the current step 37651. Steps must be monotonically increasing, so this data will be ignored. See https://wandb.me/define-metric to log data out of order.
ep16 step28125/140100 loss=0.8671 acc=0.921 lr=2.00e-06 gnorm=1.95 163 smp/s
wandb: WARNING Tried to log to step 28125 that is less than the current step 37651. Steps must be monotonically increasing, so this data will be ignored. See https://wandb.me/define-metric to log data out of order.
ep16 step28150/140100 loss=0.7647 acc=0.893 lr=2.00e-06 gnorm=2.09 163 smp/s
wandb: WARNING Tried to log to step 28150 that is less than the current step 37651. Steps must be monotonically increasing, so this data will be ignored. See https://wandb.me/define-metric to log data out of order.
ep16 step28175/140100 loss=1.1995 acc=0.895 lr=2.00e-06 gnorm=3.48 162 smp/s
wandb: WARNING Tried to log to step 28175 that is less than the current step 37651. Steps must be monotonically increasing, so this data will be ignored. See https://wandb.me/define-metric to log data out of order.
ep16 step28200/140100 loss=0.8429 acc=0.902 lr=2.00e-06 gnorm=2.47 162 smp/s
wandb: WARNING Tried to log to step 28200 that is less than the current step 37651. Steps must be monotonically increasing, so this data will be ignored. See https://wandb.me/define-metric to log data out of order.
ep16 step28225/140100 loss=1.0878 acc=0.889 lr=2.00e-06 gnorm=2.25 162 smp/s
wandb: WARNING Tried to log to step 28225 that is less than the current step 37651. Steps must be monotonically increasing, so this data will be ignored. See https://wandb.me/define-metric to log data out of order.
ep16 step28250/140100 loss=1.2907 acc=0.850 lr=2.00e-06 gnorm=1.76 162 smp/s
wandb: WARNING Tried to log to step 28250 that is less than the current step 37651. Steps must be monotonically increasing, so this data will be ignored. See https://wandb.me/define-metric to log data out of order.
ep16 step28275/140100 loss=0.9836 acc=0.886 lr=2.00e-06 gnorm=1.85 162 smp/s
wandb: WARNING Tried to log to step 28275 that is less than the current step 37651. Steps must be monotonically increasing, so this data will be ignored. See https://wandb.me/define-metric to log data out of order.
ep16 step28300/140100 loss=0.7269 acc=0.939 lr=2.00e-06 gnorm=1.63 162 smp/s
wandb: WARNING Tried to log to step 28300 that is less than the current step 37651. Steps must be monotonically increasing, so this data will be ignored. See https://wandb.me/define-metric to log data out of order.
ep16 step28325/140100 loss=0.9042 acc=0.954 lr=2.00e-06 gnorm=2.98 162 smp/s
wandb: WARNING Tried to log to step 28325 that is less than the current step 37651. Steps must be monotonically increasing, so this data will be ignored. See https://wandb.me/define-metric to log data out of order.
ep16 step28350/140100 loss=0.8848 acc=0.947 lr=2.00e-06 gnorm=2.04 162 smp/s
wandb: WARNING Tried to log to step 28350 that is less than the current step 37651. Steps must be monotonically increasing, so this data will be ignored. See https://wandb.me/define-metric to log data out of order.
ep16 step28375/140100 loss=1.0467 acc=0.915 lr=2.00e-06 gnorm=3.37 162 smp/s
wandb: WARNING Tried to log to step 28375 that is less than the current step 37651. Steps must be monotonically increasing, so this data will be ignored. See https://wandb.me/define-metric to log data out of order.
ep16 step28400/140100 loss=1.0197 acc=0.912 lr=2.00e-06 gnorm=1.82 162 smp/s
wandb: WARNING Tried to log to step 28400 that is less than the current step 37651. Steps must be monotonically increasing, so this data will be ignored. See https://wandb.me/define-metric to log data out of order.
ep16 step28425/140100 loss=0.8680 acc=0.923 lr=2.00e-06 gnorm=1.54 162 smp/s
wandb: WARNING Tried to log to step 28425 that is less than the current step 37651. Steps must be monotonically increasing, so this data will be ignored. See https://wandb.me/define-metric to log data out of order.
ep16 step28450/140100 loss=1.0902 acc=0.874 lr=2.00e-06 gnorm=2.01 162 smp/s
wandb: WARNING Tried to log to step 28450 that is less than the current step 37651. Steps must be monotonically increasing, so this data will be ignored. See https://wandb.me/define-metric to log data out of order.
ep16 step28475/140100 loss=0.8042 acc=0.918 lr=2.00e-06 gnorm=3.49 162 smp/s
wandb: WARNING Tried to log to step 28475 that is less than the current step 37651. Steps must be monotonically increasing, so this data will be ignored. See https://wandb.me/define-metric to log data out of order.
ep16 step28500/140100 loss=1.1163 acc=0.888 lr=2.00e-06 gnorm=1.76 162 smp/s
wandb: WARNING Tried to log to step 28500 that is less than the current step 37651. Steps must be monotonically increasing, so this data will be ignored. See https://wandb.me/define-metric to log data out of order.
ep16 step28525/140100 loss=0.9873 acc=0.854 lr=2.00e-06 gnorm=2.44 162 smp/s
wandb: WARNING Tried to log to step 28525 that is less than the current step 37651. Steps must be monotonically increasing, so this data will be ignored. See https://wandb.me/define-metric to log data out of order.
ep16 step28550/140100 loss=0.7813 acc=0.924 lr=2.00e-06 gnorm=2.14 162 smp/s
wandb: WARNING Tried to log to step 28550 that is less than the current step 37651. Steps must be monotonically increasing, so this data will be ignored. See https://wandb.me/define-metric to log data out of order.
ep16 step28575/140100 loss=0.7669 acc=0.927 lr=2.00e-06 gnorm=1.75 162 smp/s
wandb: WARNING Tried to log to step 28575 that is less than the current step 37651. Steps must be monotonically increasing, so this data will be ignored. See https://wandb.me/define-metric to log data out of order.
ep16 step28600/140100 loss=1.1569 acc=0.872 lr=2.00e-06 gnorm=1.62 162 smp/s
wandb: WARNING Tried to log to step 28600 that is less than the current step 37651. Steps must be monotonically increasing, so this data will be ignored. See https://wandb.me/define-metric to log data out of order.
ep16 step28625/140100 loss=0.8490 acc=0.898 lr=2.00e-06 gnorm=3.52 162 smp/s
wandb: WARNING Tried to log to step 28625 that is less than the current step 37651. Steps must be monotonically increasing, so this data will be ignored. See https://wandb.me/define-metric to log data out of order.
ep16 step28650/140100 loss=0.7563 acc=0.923 lr=2.00e-06 gnorm=2.92 162 smp/s
wandb: WARNING Tried to log to step 28650 that is less than the current step 37651. Steps must be monotonically increasing, so this data will be ignored. See https://wandb.me/define-metric to log data out of order.
ep16 step28675/140100 loss=0.9956 acc=0.884 lr=2.00e-06 gnorm=2.42 162 smp/s
wandb: WARNING Tried to log to step 28675 that is less than the current step 37651. Steps must be monotonically increasing, so this data will be ignored. See https://wandb.me/define-metric to log data out of order.
