[run] env=/speech/abhishek/miniconda3/envs/indic-nar-filler_asr GPUs=6,7,8,9 (n=4)  eff_batch=256  out=/speech/abhishek/indic-nar-filler_asr/runs/kn_en_d2vaqcKN_sa8_ACMLM_alibi_fps50_fw003_ep15resume_constlr2e6_75ep
[run] encoder=/speech/abhishek/kannada_data/encoders/SPRING_INX_data2vec_aqc_Kannada.pt
W0917 12:27:08.169000 125771529098304 torch/distributed/run.py:779] 
W0917 12:27:08.169000 125771529098304 torch/distributed/run.py:779] *****************************************
W0917 12:27:08.169000 125771529098304 torch/distributed/run.py:779] Setting OMP_NUM_THREADS environment variable for each process to be 1 in default, to avoid your system being overloaded, please further tune the variable for optimal performance in your application as needed. 
W0917 12:27:08.169000 125771529098304 torch/distributed/run.py:779] *****************************************
[W917 12:27:11.473977968 CUDAAllocatorConfig.h:28] Warning: expandable_segments not supported on this platform (function operator())
[W917 12:27:12.025766774 CUDAAllocatorConfig.h:28] Warning: expandable_segments not supported on this platform (function operator())
[W917 12:27:12.053775962 CUDAAllocatorConfig.h:28] Warning: expandable_segments not supported on this platform (function operator())
[W917 12:27:12.098085290 CUDAAllocatorConfig.h:28] Warning: expandable_segments not supported on this platform (function operator())
INFO:Data2VecAQCEncoder:[data2vec_aqc] ckpt:             /speech/abhishek/kannada_data/encoders/SPRING_INX_data2vec_aqc_Kannada.pt
INFO:Data2VecAQCEncoder:[data2vec_aqc] outer _name:      wav2vec_ctc  (CTC fine-tuned)
INFO:Data2VecAQCEncoder:[data2vec_aqc] inner _name:      data2vec_audio
INFO:Data2VecAQCEncoder:[data2vec_aqc] layer_norm_first: False
INFO:Data2VecAQCEncoder:[data2vec_aqc] tgt_layer:        None (None=run all blocks)
INFO:Data2VecAQCEncoder:[data2vec_aqc] dropped outside w2v_model.*: ['w2v_encoder.proj.bias', 'w2v_encoder.proj.weight']
INFO:Data2VecAQCEncoder:[data2vec_aqc] dropped INSIDE body (AQC extras): ['contr_proj.bias', 'contr_proj.weight', 'project_q.bias', 'project_q.weight', 'quantizer.vars', 'quantizer.weight_proj.bias', 'quantizer.weight_proj.weight']
INFO:Data2VecAQCEncoder:[data2vec_aqc] missing keys (expect empty/pretraining-only): []
INFO:Data2VecAQCEncoder:[data2vec_aqc] ckpt:             /speech/abhishek/kannada_data/encoders/SPRING_INX_data2vec_aqc_Kannada.pt
INFO:Data2VecAQCEncoder:[data2vec_aqc] outer _name:      wav2vec_ctc  (CTC fine-tuned)
INFO:Data2VecAQCEncoder:[data2vec_aqc] inner _name:      data2vec_audio
INFO:Data2VecAQCEncoder:[data2vec_aqc] layer_norm_first: False
INFO:Data2VecAQCEncoder:[data2vec_aqc] tgt_layer:        None (None=run all blocks)
INFO:Data2VecAQCEncoder:[data2vec_aqc] dropped outside w2v_model.*: ['w2v_encoder.proj.bias', 'w2v_encoder.proj.weight']
INFO:Data2VecAQCEncoder:[data2vec_aqc] dropped INSIDE body (AQC extras): ['contr_proj.bias', 'contr_proj.weight', 'project_q.bias', 'project_q.weight', 'quantizer.vars', 'quantizer.weight_proj.bias', 'quantizer.weight_proj.weight']
INFO:Data2VecAQCEncoder:[data2vec_aqc] missing keys (expect empty/pretraining-only): []
INFO:Data2VecAQCEncoder:[data2vec_aqc] ckpt:             /speech/abhishek/kannada_data/encoders/SPRING_INX_data2vec_aqc_Kannada.pt
INFO:Data2VecAQCEncoder:[data2vec_aqc] outer _name:      wav2vec_ctc  (CTC fine-tuned)
INFO:Data2VecAQCEncoder:[data2vec_aqc] inner _name:      data2vec_audio
INFO:Data2VecAQCEncoder:[data2vec_aqc] layer_norm_first: False
INFO:Data2VecAQCEncoder:[data2vec_aqc] tgt_layer:        None (None=run all blocks)
INFO:Data2VecAQCEncoder:[data2vec_aqc] dropped outside w2v_model.*: ['w2v_encoder.proj.bias', 'w2v_encoder.proj.weight']
INFO:Data2VecAQCEncoder:[data2vec_aqc] dropped INSIDE body (AQC extras): ['contr_proj.bias', 'contr_proj.weight', 'project_q.bias', 'project_q.weight', 'quantizer.vars', 'quantizer.weight_proj.bias', 'quantizer.weight_proj.weight']
INFO:Data2VecAQCEncoder:[data2vec_aqc] missing keys (expect empty/pretraining-only): []
INFO:Data2VecAQCEncoder:[data2vec_aqc] ckpt:             /speech/abhishek/kannada_data/encoders/SPRING_INX_data2vec_aqc_Kannada.pt
INFO:Data2VecAQCEncoder:[data2vec_aqc] outer _name:      wav2vec_ctc  (CTC fine-tuned)
INFO:Data2VecAQCEncoder:[data2vec_aqc] inner _name:      data2vec_audio
INFO:Data2VecAQCEncoder:[data2vec_aqc] layer_norm_first: False
INFO:Data2VecAQCEncoder:[data2vec_aqc] tgt_layer:        None (None=run all blocks)
INFO:Data2VecAQCEncoder:[data2vec_aqc] dropped outside w2v_model.*: ['w2v_encoder.proj.bias', 'w2v_encoder.proj.weight']
INFO:Data2VecAQCEncoder:[data2vec_aqc] dropped INSIDE body (AQC extras): ['contr_proj.bias', 'contr_proj.weight', 'project_q.bias', 'project_q.weight', 'quantizer.vars', 'quantizer.weight_proj.bias', 'quantizer.weight_proj.weight']
INFO:Data2VecAQCEncoder:[data2vec_aqc] missing keys (expect empty/pretraining-only): []
/speech/abhishek/indic-nar-filler_asr/train.py:109: FutureWarning: You are using `torch.load` with `weights_only=False` (the current default value), which uses the default pickle module implicitly. It is possible to construct malicious pickle data which will execute arbitrary code during unpickling (See https://github.com/pytorch/pytorch/blob/main/SECURITY.md#untrusted-models for more details). In a future release, the default value for `weights_only` will be flipped to `True`. This limits the functions that could be executed during unpickling. Arbitrary objects will no longer be allowed to be loaded via this mode unless they are explicitly allowlisted by the user via `torch.serialization.add_safe_globals`. We recommend you start setting `weights_only=True` for any use case where you don't have full control of the loaded file. Please open an issue on GitHub for any issues related to this experimental feature.
  ck = torch.load(path, map_location="cpu")
/speech/abhishek/indic-nar-filler_asr/train.py:109: FutureWarning: You are using `torch.load` with `weights_only=False` (the current default value), which uses the default pickle module implicitly. It is possible to construct malicious pickle data which will execute arbitrary code during unpickling (See https://github.com/pytorch/pytorch/blob/main/SECURITY.md#untrusted-models for more details). In a future release, the default value for `weights_only` will be flipped to `True`. This limits the functions that could be executed during unpickling. Arbitrary objects will no longer be allowed to be loaded via this mode unless they are explicitly allowlisted by the user via `torch.serialization.add_safe_globals`. We recommend you start setting `weights_only=True` for any use case where you don't have full control of the loaded file. Please open an issue on GitHub for any issues related to this experimental feature.
  ck = torch.load(path, map_location="cpu")
/speech/abhishek/indic-nar-filler_asr/train.py:109: FutureWarning: You are using `torch.load` with `weights_only=False` (the current default value), which uses the default pickle module implicitly. It is possible to construct malicious pickle data which will execute arbitrary code during unpickling (See https://github.com/pytorch/pytorch/blob/main/SECURITY.md#untrusted-models for more details). In a future release, the default value for `weights_only` will be flipped to `True`. This limits the functions that could be executed during unpickling. Arbitrary objects will no longer be allowed to be loaded via this mode unless they are explicitly allowlisted by the user via `torch.serialization.add_safe_globals`. We recommend you start setting `weights_only=True` for any use case where you don't have full control of the loaded file. Please open an issue on GitHub for any issues related to this experimental feature.
  ck = torch.load(path, map_location="cpu")
/speech/abhishek/indic-nar-filler_asr/train.py:109: FutureWarning: You are using `torch.load` with `weights_only=False` (the current default value), which uses the default pickle module implicitly. It is possible to construct malicious pickle data which will execute arbitrary code during unpickling (See https://github.com/pytorch/pytorch/blob/main/SECURITY.md#untrusted-models for more details). In a future release, the default value for `weights_only` will be flipped to `True`. This limits the functions that could be executed during unpickling. Arbitrary objects will no longer be allowed to be loaded via this mode unless they are explicitly allowlisted by the user via `torch.serialization.add_safe_globals`. We recommend you start setting `weights_only=True` for any use case where you don't have full control of the loaded file. Please open an issue on GitHub for any issues related to this experimental feature.
  ck = torch.load(path, map_location="cpu")
[resume] constant LR pinned to 2.00e-06
[resume] from /speech/abhishek/indic-nar-filler_asr/runs/kn_en_d2vaqcKN_sa8_ACMLM_alibi_fps50_fw003_exp/best_ep15.pt: step=28020 -> epoch=16 (skip 0 micro-batches) best_val=0.5689
[wandb] rewinding + continuing run 06tgvd3w?_step=28020
DEBUG:asyncio:Using selector: EpollSelector
DEBUG:git.cmd:Popen(['git', 'version'], cwd=/speech/abhishek/indic-nar-filler_asr, stdin=None, shell=False, universal_newlines=False)
DEBUG:git.cmd:Popen(['git', 'version'], cwd=/speech/abhishek/indic-nar-filler_asr, stdin=None, shell=False, universal_newlines=False)
DEBUG:git.util:sys.platform='linux', git_executable='git'
wandb: [wandb.login()] Loaded credentials for https://api.wandb.ai from /speech/abhishek/.netrc.
DEBUG:urllib3.connectionpool:Starting new HTTPS connection (1): api.wandb.ai:443
DEBUG:urllib3.connectionpool:https://api.wandb.ai:443 "POST /graphql HTTP/1.1" 200 380
wandb: Currently logged in as: abhisingh964800 (abhisingh964800-iit-madras-foundation) to https://api.wandb.ai. Use `wandb login --relogin` to force relogin
DEBUG:git.util:sys.platform='linux', git_executable='git'
[wandb] WARNING rewind failed (failed to rewind run: returned error 400: {"data":{"rewindRun":null},"errors":[{"message":"Rewind is in private preview -- contact support@wandb.com to enable it.","path":["rewindRun"]}]}); falling back to resume id=06tgvd3w (steps <= the run's last logged step will be dropped by W&B)
DEBUG:urllib3.connectionpool:Starting new HTTPS connection (1): o151352.ingest.sentry.io:443
Traceback (most recent call last):
  File "/speech/abhishek/indic-nar-filler_asr/train.py", line 715, in <module>
    main()
  File "/speech/abhishek/indic-nar-filler_asr/train.py", line 531, in main
    run = _wandb_init(id=_rid, resume="allow")
  File "/speech/abhishek/indic-nar-filler_asr/train.py", line 517, in _wandb_init
    return         wandb.init(**kw, project=os.environ.get("WANDB_PROJECT", "filler_asr"),   # run_kn.sh sets these
  File "/speech/abhishek/miniconda3/envs/indic-nar-filler_asr/lib/python3.10/site-packages/wandb/sdk/wandb_init.py", line 1613, in init
    get_sentry().reraise(e)
  File "/speech/abhishek/miniconda3/envs/indic-nar-filler_asr/lib/python3.10/site-packages/wandb/analytics/sentry.py", line 191, in reraise
    raise exc.with_traceback(tb)
  File "/speech/abhishek/miniconda3/envs/indic-nar-filler_asr/lib/python3.10/site-packages/wandb/sdk/wandb_init.py", line 1530, in init
    wi.maybe_login(init_settings)
  File "/speech/abhishek/miniconda3/envs/indic-nar-filler_asr/lib/python3.10/site-packages/wandb/sdk/wandb_init.py", line 188, in maybe_login
    run_settings.update_from_settings(init_settings)
  File "/speech/abhishek/miniconda3/envs/indic-nar-filler_asr/lib/python3.10/site-packages/wandb/sdk/wandb_settings.py", line 2050, in update_from_settings
    self.update_from_dict(d)
  File "/speech/abhishek/miniconda3/envs/indic-nar-filler_asr/lib/python3.10/site-packages/wandb/sdk/wandb_settings.py", line 2041, in update_from_dict
    setattr(self, key, value)
  File "/speech/abhishek/miniconda3/envs/indic-nar-filler_asr/lib/python3.10/site-packages/pydantic/main.py", line 1046, in __setattr__
    setattr_handler(self, name, value)
  File "/speech/abhishek/miniconda3/envs/indic-nar-filler_asr/lib/python3.10/site-packages/pydantic/main.py", line 112, in <lambda>
    'validate_assignment': lambda model, name, val: model.__pydantic_validator__.validate_assignment(model, name, val),  # pyright: ignore[reportAssignmentType]
pydantic_core._pydantic_core.ValidationError: 1 validation error for Settings
  Value error, `fork_from`, `resume`, or `resume_from` are mutually exclusive. Please specify only one of them. [type=value_error, input_value=Settings(allow_media_syml...c-nar-filler_asr/wandb'), input_type=Settings]
    For further information visit https://errors.pydantic.dev/2.13/v/value_error
[rank0]: Traceback (most recent call last):
[rank0]:   File "/speech/abhishek/indic-nar-filler_asr/train.py", line 715, in <module>
[rank0]:     main()
[rank0]:   File "/speech/abhishek/indic-nar-filler_asr/train.py", line 531, in main
[rank0]:     run = _wandb_init(id=_rid, resume="allow")
[rank0]:   File "/speech/abhishek/indic-nar-filler_asr/train.py", line 517, in _wandb_init
[rank0]:     return         wandb.init(**kw, project=os.environ.get("WANDB_PROJECT", "filler_asr"),   # run_kn.sh sets these
[rank0]:   File "/speech/abhishek/miniconda3/envs/indic-nar-filler_asr/lib/python3.10/site-packages/wandb/sdk/wandb_init.py", line 1613, in init
[rank0]:     get_sentry().reraise(e)
[rank0]:   File "/speech/abhishek/miniconda3/envs/indic-nar-filler_asr/lib/python3.10/site-packages/wandb/analytics/sentry.py", line 191, in reraise
[rank0]:     raise exc.with_traceback(tb)
[rank0]:   File "/speech/abhishek/miniconda3/envs/indic-nar-filler_asr/lib/python3.10/site-packages/wandb/sdk/wandb_init.py", line 1530, in init
[rank0]:     wi.maybe_login(init_settings)
[rank0]:   File "/speech/abhishek/miniconda3/envs/indic-nar-filler_asr/lib/python3.10/site-packages/wandb/sdk/wandb_init.py", line 188, in maybe_login
[rank0]:     run_settings.update_from_settings(init_settings)
[rank0]:   File "/speech/abhishek/miniconda3/envs/indic-nar-filler_asr/lib/python3.10/site-packages/wandb/sdk/wandb_settings.py", line 2050, in update_from_settings
[rank0]:     self.update_from_dict(d)
[rank0]:   File "/speech/abhishek/miniconda3/envs/indic-nar-filler_asr/lib/python3.10/site-packages/wandb/sdk/wandb_settings.py", line 2041, in update_from_dict
[rank0]:     setattr(self, key, value)
[rank0]:   File "/speech/abhishek/miniconda3/envs/indic-nar-filler_asr/lib/python3.10/site-packages/pydantic/main.py", line 1046, in __setattr__
[rank0]:     setattr_handler(self, name, value)
[rank0]:   File "/speech/abhishek/miniconda3/envs/indic-nar-filler_asr/lib/python3.10/site-packages/pydantic/main.py", line 112, in <lambda>
[rank0]:     'validate_assignment': lambda model, name, val: model.__pydantic_validator__.validate_assignment(model, name, val),  # pyright: ignore[reportAssignmentType]
[rank0]: pydantic_core._pydantic_core.ValidationError: 1 validation error for Settings
[rank0]:   Value error, `fork_from`, `resume`, or `resume_from` are mutually exclusive. Please specify only one of them. [type=value_error, input_value=Settings(allow_media_syml...c-nar-filler_asr/wandb'), input_type=Settings]
[rank0]:     For further information visit https://errors.pydantic.dev/2.13/v/value_error
[1;34mwandb[0m: 
[1;34mwandb[0m: Find logs at: [1;35mwandb/run-20260917_122733-06tgvd3w/logs[0m
DEBUG:filelock:Attempting to acquire lock 135087510517120 on /speech/abhishek/.triton/autotune/Fp16Matmul_2d_kernel.pickle.lock
DEBUG:filelock:Lock 135087510517120 acquired on /speech/abhishek/.triton/autotune/Fp16Matmul_2d_kernel.pickle.lock
DEBUG:filelock:Attempting to release lock 135087510517120 on /speech/abhishek/.triton/autotune/Fp16Matmul_2d_kernel.pickle.lock
DEBUG:filelock:Lock 135087510517120 released on /speech/abhishek/.triton/autotune/Fp16Matmul_2d_kernel.pickle.lock
DEBUG:filelock:Attempting to acquire lock 135087510518896 on /speech/abhishek/.triton/autotune/Fp16Matmul_4d_kernel.pickle.lock
DEBUG:filelock:Lock 135087510518896 acquired on /speech/abhishek/.triton/autotune/Fp16Matmul_4d_kernel.pickle.lock
DEBUG:filelock:Attempting to release lock 135087510518896 on /speech/abhishek/.triton/autotune/Fp16Matmul_4d_kernel.pickle.lock
DEBUG:filelock:Lock 135087510518896 released on /speech/abhishek/.triton/autotune/Fp16Matmul_4d_kernel.pickle.lock
W0917 12:27:37.450000 125771529098304 torch/distributed/elastic/multiprocessing/api.py:858] Sending process 2941707 closing signal SIGTERM
W0917 12:27:37.457000 125771529098304 torch/distributed/elastic/multiprocessing/api.py:858] Sending process 2941708 closing signal SIGTERM
W0917 12:27:37.459000 125771529098304 torch/distributed/elastic/multiprocessing/api.py:858] Sending process 2941709 closing signal SIGTERM
E0917 12:27:37.477000 125771529098304 torch/distributed/elastic/multiprocessing/api.py:833] failed (exitcode: 1) local_rank: 0 (pid: 2941706) of binary: /speech/abhishek/miniconda3/envs/indic-nar-filler_asr/bin/python3.10
Traceback (most recent call last):
  File "/speech/abhishek/miniconda3/envs/indic-nar-filler_asr/bin/torchrun", line 6, in <module>
    sys.exit(main())
  File "/speech/abhishek/miniconda3/envs/indic-nar-filler_asr/lib/python3.10/site-packages/torch/distributed/elastic/multiprocessing/errors/__init__.py", line 348, in wrapper
    return f(*args, **kwargs)
  File "/speech/abhishek/miniconda3/envs/indic-nar-filler_asr/lib/python3.10/site-packages/torch/distributed/run.py", line 901, in main
    run(args)
  File "/speech/abhishek/miniconda3/envs/indic-nar-filler_asr/lib/python3.10/site-packages/torch/distributed/run.py", line 892, in run
    elastic_launch(
  File "/speech/abhishek/miniconda3/envs/indic-nar-filler_asr/lib/python3.10/site-packages/torch/distributed/launcher/api.py", line 133, in __call__
    return launch_agent(self._config, self._entrypoint, list(args))
  File "/speech/abhishek/miniconda3/envs/indic-nar-filler_asr/lib/python3.10/site-packages/torch/distributed/launcher/api.py", line 264, in launch_agent
    raise ChildFailedError(
torch.distributed.elastic.multiprocessing.errors.ChildFailedError: 
============================================================
train.py FAILED
------------------------------------------------------------
Failures:
  <NO_OTHER_FAILURES>
------------------------------------------------------------
Root Cause (first observed failure):
[0]:
  time      : 2026-09-17_12:27:37
  host      : gpu17
  rank      : 0 (local_rank: 0)
  exitcode  : 1 (pid: 2941706)
  error_file: <N/A>
  traceback : To enable traceback see: https://pytorch.org/docs/stable/elastic/errors.html
============================================================
